<html>
<body>
<pre>
<h1>µVision Build Log</h1>
<h2>Project:</h2>
J:\aµç×Ó\serprog-flashrom\205POS\205TEST\Project\Project.uvproj
Project File Date:  10/30/2016

<h2>Output:</h2>
Build target 'Open205R'
compiling main.c...
..\User\main.c(314): warning:  #177-D: variable "i" was declared but never referenced
compiling stm32f2xx_it.c...
compiling 18B20.c...
compiling stm32f10x_systick.c...
compiling systick.c...
compiling io.c...
compiling key.c...
compiling config.c...
compiling usart.c...
compiling temp.c...
compiling lcd12832.c...
compiling 24cxx.c...
..\User\24cxx.c(182): warning:  #550-D: variable "tmp" was set but never used
compiling fmc.c...
compiling ir.c...
assembling startup_stm32f2xx.s...
compiling stm32f2xx_exti.c...
compiling stm32f2xx_gpio.c...
compiling stm32f2xx_rcc.c...
compiling stm32f2xx_sdio.c...
compiling stm32f2xx_usart.c...
compiling misc.c...
compiling stm32f2xx_adc.c...
compiling stm32f2xx_can.c...
compiling stm32f2xx_crc.c...
compiling stm32f2xx_cryp.c...
compiling stm32f2xx_cryp_aes.c...
compiling stm32f2xx_cryp_des.c...
compiling stm32f2xx_cryp_tdes.c...
compiling stm32f2xx_dac.c...
compiling stm32f2xx_dbgmcu.c...
compiling stm32f2xx_dcmi.c...
compiling stm32f2xx_dma.c...
compiling stm32f2xx_flash.c...
compiling stm32f2xx_fsmc.c...
compiling stm32f2xx_hash.c...
compiling stm32f2xx_hash_md5.c...
compiling stm32f2xx_hash_sha1.c...
compiling stm32f2xx_i2c.c...
compiling stm32f2xx_iwdg.c...
compiling stm32f2xx_pwr.c...
compiling stm32f2xx_rng.c...
compiling stm32f2xx_rtc.c...
compiling stm32f2xx_spi.c...
compiling stm32f2xx_syscfg.c...
compiling stm32f2xx_tim.c...
compiling stm32f2xx_wwdg.c...
compiling core_cm3.c...
compiling system_stm32f2xx.c...
linking...
Program Size: Code=19658 RO-data=6502 RW-data=644 ZI-data=6948  
FromELF: creating hex file...
".\Output\Project.axf" - 0 Error(s), 2 Warning(s).
