<html>
<body>
<pre>
<h1>µVision Build Log</h1>
<h2>Project:</h2>
Z:\205POS\205TEST\Project\Project.uvproj
Project File Date:  10/20/2019

<h2>Output:</h2>
Build target 'Open205R'
compiling main.c...
compiling ir.c...
..\User\ir.c(13): error:  #29: expected an expression
..\User\ir.c:   u16 PulseTab[PULSETABSIZE] = {};
..\User\ir.c:                                 ^
..\User\ir.c: ..\User\ir.c: 0 warnings, 1 error
Target not created
Build target 'Open205R'
compiling ir.c...
linking...
Program Size: Code=18478 RO-data=6502 RW-data=244 ZI-data=16148  
FromELF: creating hex file...
".\Output\Project.axf" - 0 Error(s), 0 Warning(s).
Build target 'Open205R'
compiling main.c...
compiling ir.c...
..\User\ir.c(118): warning:  #223-D: function "printf" declared implicitly
..\User\ir.c:                   printf("EXTI9 I=%d\n", i);
..\User\ir.c:                   ^
..\User\ir.c: ..\User\ir.c: 1 warning, 0 errors
linking...
Program Size: Code=18462 RO-data=6502 RW-data=52 ZI-data=16148  
FromELF: creating hex file...
".\Output\Project.axf" - 0 Error(s), 1 Warning(s).
Build target 'Open205R'
compiling ir.c...
..\User\ir.c(125): warning:  #223-D: function "printf" declared implicitly
..\User\ir.c:                   printf("EXTI9 I=%d\r\n", i);
..\User\ir.c:                   ^
..\User\ir.c(203): warning:  #223-D: function "printf" declared implicitly
..\User\ir.c:           printf("PulseTab=[");
..\User\ir.c:           ^
..\User\ir.c: ..\User\ir.c: 2 warnings, 0 errors
linking...
Program Size: Code=18622 RO-data=6502 RW-data=1052 ZI-data=15148  
FromELF: creating hex file...
".\Output\Project.axf" - 0 Error(s), 2 Warning(s).
Build target 'Open205R'
compiling ir.c...
..\User\ir.c(125): warning:  #223-D: function "printf" declared implicitly
..\User\ir.c:                   printf("EXTI9 I=%d\r\n", i);
..\User\ir.c:                   ^
..\User\ir.c(203): warning:  #223-D: function "printf" declared implicitly
..\User\ir.c:           printf("PulseTab=[");
..\User\ir.c:           ^
..\User\ir.c: ..\User\ir.c: 2 warnings, 0 errors
linking...
Program Size: Code=18630 RO-data=6502 RW-data=1052 ZI-data=15148  
FromELF: creating hex file...
".\Output\Project.axf" - 0 Error(s), 2 Warning(s).
Build target 'Open205R'
compiling ir.c...
..\User\ir.c(125): warning:  #223-D: function "printf" declared implicitly
..\User\ir.c:                   printf("EXTI9 I=%d\r\n", i);
..\User\ir.c:                   ^
..\User\ir.c(203): warning:  #223-D: function "printf" declared implicitly
..\User\ir.c:           printf("PulseTab=[");
..\User\ir.c:           ^
..\User\ir.c(204): error:  #29: expected an expression
..\User\ir.c:           for (i = 0; i < ; i++)
..\User\ir.c:                           ^
..\User\ir.c(217): error:  #29: expected an expression
..\User\ir.c:           end =  / 2;
..\User\ir.c:                  ^
..\User\ir.c: ..\User\ir.c: 2 warnings, 2 errors
Target not created
Build target 'Open205R'
compiling ir.c...
..\User\ir.c(125): warning:  #223-D: function "printf" declared implicitly
..\User\ir.c:                   printf("EXTI9 I=%d\r\n", i);
..\User\ir.c:                   ^
..\User\ir.c(203): warning:  #223-D: function "printf" declared implicitly
..\User\ir.c:           printf("PulseTab=[");
..\User\ir.c:           ^
..\User\ir.c: ..\User\ir.c: 2 warnings, 0 errors
linking...
Program Size: Code=18626 RO-data=6502 RW-data=1052 ZI-data=15148  
FromELF: creating hex file...
".\Output\Project.axf" - 0 Error(s), 2 Warning(s).
Build target 'Open205R'
compiling ir.c...
..\User\ir.c(125): warning:  #223-D: function "printf" declared implicitly
..\User\ir.c:                   printf("EXTI9 I=%d\r\n", i);
..\User\ir.c:                   ^
..\User\ir.c(203): warning:  #223-D: function "printf" declared implicitly
..\User\ir.c:           printf("PulseTab=[");
..\User\ir.c:           ^
..\User\ir.c(305): warning:  #223-D: function "printf" declared implicitly
..\User\ir.c:           printf("irDatas=[");
..\User\ir.c:           ^
..\User\ir.c: ..\User\ir.c: 3 warnings, 0 errors
linking...
Program Size: Code=18698 RO-data=6502 RW-data=1052 ZI-data=15148  
FromELF: creating hex file...
".\Output\Project.axf" - 0 Error(s), 3 Warning(s).
Build target 'Open205R'
compiling ir.c...
..\User\ir.c(121): warning:  #223-D: function "printf" declared implicitly
..\User\ir.c:                   printf("EXTI9 I=%d\r\n", i);
..\User\ir.c:                   ^
..\User\ir.c(199): warning:  #223-D: function "printf" declared implicitly
..\User\ir.c:           printf("PulseTab=[");
..\User\ir.c:           ^
..\User\ir.c(301): warning:  #223-D: function "printf" declared implicitly
..\User\ir.c:           printf("irDatas=[");
..\User\ir.c:           ^
..\User\ir.c: ..\User\ir.c: 3 warnings, 0 errors
linking...
Program Size: Code=18698 RO-data=6502 RW-data=1052 ZI-data=15148  
FromELF: creating hex file...
".\Output\Project.axf" - 0 Error(s), 3 Warning(s).
Build target 'Open205R'
compiling ir.c...
..\User\ir.c(15): error:  #148: variable "PulseTab" has already been initialized
..\User\ir.c:   u16 PulseTab[PULSETABSIZE] = {3800, 1488, 516, 1260, 516, 1260, 516, 526, 516, 528, 514, 526, 516, 1260, 516, 526, 516, 526, 516, 1260, 516, 1260, 514, 526, 516, 1260, 516, 528, 514, 526, 516, 1260, 516, 1260, 516, 526, 516, 1260, 516, 1260, 516, 526, 516, 526, 516, 1260, 516, 526, 516, 526, 516, 1260, 516, 526, 516, 526, 516, 526, 516, 526, 516, 526, 516, 526, 514, 526, 516, 526, 516, 526, 516, 526, 516, 526, 516, 524, 516, 526, 516, 526, 516, 526, 516, 526, 516, 526, 516, 1260, 516, 524, 516, 526, 514, 1260, 516, 524, 516, 526, 514, 1260, 516, 1260, 514, 528, 514, 526, 514, 526, 516, 524, 516, 524, 516, 526, 516, 1260, 516, 526, 516, 1258, 516, 526, 516, 526, 516, 526, 516, 526, 516, 526, 516, 526, 516, 1258, 516, 526, 516, 1258, 516, 526, 516, 526, 516, 526, 516, 526, 514, 524, 516, 526, 514, 526, 514, 526, 516, 526, 516, 526, 516, 526, 514, 526, 516, 526, 514, 526, 516, 526, 516, 524, 516, 526, 514, 526, 516, 526, 516, 526, 514, 1258, 516, 526, 514, 526, 514, 526, 516, 526, 516, 524, 5Éi
..\User\ir.c:       ^
..\User\ir.c(123): warning:  #223-D: function "printf" declared implicitly
..\User\ir.c:                   printf("EXTI9 I=%d\r\n", i);
..\User\ir.c:                   ^
..\User\ir.c(201): warning:  #223-D: function "printf" declared implicitly
..\User\ir.c:           printf("PulseTab=[");
..\User\ir.c:           ^
..\User\ir.c(303): warning:  #223-D: function "printf" declared implicitly
..\User\ir.c:           printf("irDatas=[");
..\User\ir.c:           ^
..\User\ir.c: ..\User\ir.c: 3 warnings, 1 error
Target not created
Build target 'Open205R'
compiling ir.c...
..\User\ir.c(123): warning:  #223-D: function "printf" declared implicitly
..\User\ir.c:                   printf("EXTI9 I=%d\r\n", i);
..\User\ir.c:                   ^
..\User\ir.c(201): warning:  #223-D: function "printf" declared implicitly
..\User\ir.c:           printf("PulseTab=[");
..\User\ir.c:           ^
..\User\ir.c(303): warning:  #223-D: function "printf" declared implicitly
..\User\ir.c:           printf("irDatas=[");
..\User\ir.c:           ^
..\User\ir.c: ..\User\ir.c: 3 warnings, 0 errors
linking...
Program Size: Code=18698 RO-data=6502 RW-data=1052 ZI-data=15148  
FromELF: creating hex file...
".\Output\Project.axf" - 0 Error(s), 3 Warning(s).
Build target 'Open205R'
compiling ir.c...
..\User\ir.c(123): warning:  #223-D: function "printf" declared implicitly
..\User\ir.c:                   printf("EXTI9 I=%d\r\n", i);
..\User\ir.c:                   ^
..\User\ir.c(201): warning:  #223-D: function "printf" declared implicitly
..\User\ir.c:           printf("PulseTab=[");
..\User\ir.c:           ^
..\User\ir.c(303): warning:  #223-D: function "printf" declared implicitly
..\User\ir.c:           printf("irDatas=[");
..\User\ir.c:           ^
..\User\ir.c: ..\User\ir.c: 3 warnings, 0 errors
linking...
Program Size: Code=18698 RO-data=6502 RW-data=1052 ZI-data=15148  
FromELF: creating hex file...
".\Output\Project.axf" - 0 Error(s), 3 Warning(s).
Build target 'Open205R'
compiling ir.c...
..\User\ir.c(121): warning:  #223-D: function "printf" declared implicitly
..\User\ir.c:                   printf("EXTI9 I=%d\r\n", i);
..\User\ir.c:                   ^
..\User\ir.c(199): warning:  #223-D: function "printf" declared implicitly
..\User\ir.c:           printf("PulseTab=[");
..\User\ir.c:           ^
..\User\ir.c(303): warning:  #223-D: function "printf" declared implicitly
..\User\ir.c:           printf("irDatas=[");
..\User\ir.c:           ^
..\User\ir.c: ..\User\ir.c: 3 warnings, 0 errors
linking...
Program Size: Code=18690 RO-data=6502 RW-data=1052 ZI-data=15148  
FromELF: creating hex file...
".\Output\Project.axf" - 0 Error(s), 3 Warning(s).
Build target 'Open205R'
compiling ir.c...
..\User\ir.c(121): warning:  #223-D: function "printf" declared implicitly
..\User\ir.c:                   printf("EXTI9 I=%d\r\n", i);
..\User\ir.c:                   ^
..\User\ir.c(263): warning:  #223-D: function "printf" declared implicitly
..\User\ir.c:           printf("irDatas=[");
..\User\ir.c:           ^
..\User\ir.c(304): warning:  #223-D: function "printf" declared implicitly
..\User\ir.c:           printf("PulseTab=[");
..\User\ir.c:           ^
..\User\ir.c: ..\User\ir.c: 3 warnings, 0 errors
linking...
Program Size: Code=18718 RO-data=6502 RW-data=1052 ZI-data=15148  
FromELF: creating hex file...
".\Output\Project.axf" - 0 Error(s), 3 Warning(s).
Build target 'Open205R'
linking...
Program Size: Code=18718 RO-data=6502 RW-data=1052 ZI-data=15148  
FromELF: creating hex file...
".\Output\Project.axf" - 0 Error(s), 0 Warning(s).
