ARM Linker, 4.1 [Build 481] [Evaluation]

==============================================================================

Section Cross References

    main.o(.text) refers to _printf_percent.o(.ARM.Collect$$_printf_percent$$00000000) for _printf_percent
    main.o(.text) refers to _printf_d.o(.ARM.Collect$$_printf_percent$$00000009) for _printf_d
    main.o(.text) refers to _printf_dec.o(.text) for _printf_int_dec
    main.o(.text) refers to _printf_s.o(.ARM.Collect$$_printf_percent$$00000014) for _printf_s
    main.o(.text) refers to _printf_str.o(.text) for _printf_str
    main.o(.text) refers to lcd12832.o(.text) for LCD_clearAll
    main.o(.text) refers to noretval__2sprintf.o(.text) for __2sprintf
    main.o(.text) refers to io.o(.text) for IOInit
    main.o(.text) refers to stm32f2xx_gpio.o(.text) for GPIO_SetBits
    main.o(.text) refers to systick.o(.text) for delayms
    main.o(.text) refers to ir.o(.text) for IR_save
    main.o(.text) refers to key.o(.text) for keyScan
    main.o(.text) refers to main.o(.data) for isPowerOn
    main.o(.text) refers to usart.o(.text) for USART_Configuration
    main.o(.text) refers to noretval__2printf.o(.text) for __2printf
    main.o(.text) refers to stm32f2xx_rcc.o(.text) for RCC_AHB1PeriphClockCmd
    stm32f2xx_it.o(.text) refers to _printf_percent.o(.ARM.Collect$$_printf_percent$$00000000) for _printf_percent
    stm32f2xx_it.o(.text) refers to _printf_c.o(.ARM.Collect$$_printf_percent$$00000013) for _printf_c
    stm32f2xx_it.o(.text) refers to _printf_str.o(.text) for _printf_str
    stm32f2xx_it.o(.text) refers to stm32f2xx_usart.o(.text) for USART_GetITStatus
    stm32f2xx_it.o(.text) refers to noretval__2printf.o(.text) for __2printf
    18b20.o(.text) refers to stm32f2xx_gpio.o(.text) for GPIO_Init
    18b20.o(.text) refers to systick.o(.text) for delay_us
    18b20.o(.text) refers to dflt_clz.o(x$fpl$dflt) for __aeabi_i2d
    18b20.o(.text) refers to dmul.o(x$fpl$dmul) for __aeabi_dmul
    18b20.o(.text) refers to dfixu.o(x$fpl$dfixu) for __aeabi_d2uiz
    18b20.o(.text) refers to stm32f2xx_rcc.o(.text) for RCC_AHB1PeriphClockCmd
    systick.o(.text) refers to stm32f2xx_rcc.o(.text) for RCC_GetClocksFreq
    systick.o(.text) refers to misc.o(.text) for SysTick_CLKSourceConfig
    systick.o(.text) refers to stm32f10x_systick.o(.text) for SysTick_ITConfig
    systick.o(.text) refers to systick.o(.data) for delay_fac_us
    io.o(.text) refers to stm32f2xx_rcc.o(.text) for RCC_AHB1PeriphClockCmd
    io.o(.text) refers to stm32f2xx_gpio.o(.text) for GPIO_Init
    key.o(.text) refers to stm32f2xx_rcc.o(.text) for RCC_AHB1PeriphClockCmd
    key.o(.text) refers to stm32f2xx_gpio.o(.text) for GPIO_Init
    key.o(.text) refers to systick.o(.text) for delayms
    config.o(.text) refers to stm32f2xx_rcc.o(.text) for RCC_AHB1PeriphClockCmd
    config.o(.text) refers to stm32f2xx_gpio.o(.text) for GPIO_Init
    usart.o(.text) refers (Special) to use_no_semi_2.o(.text) for __use_no_semihosting
    usart.o(.text) refers to stm32f2xx_rcc.o(.text) for RCC_AHB1PeriphClockCmd
    usart.o(.text) refers to stm32f2xx_gpio.o(.text) for GPIO_PinAFConfig
    usart.o(.text) refers to stm32f2xx_usart.o(.text) for USART_Init
    usart.o(.text) refers to misc.o(.text) for NVIC_Init
    usart.o(.data) refers (Special) to use_no_semi_2.o(.text) for __use_no_semihosting
    temp.o(.text) refers to stm32f2xx_gpio.o(.text) for GPIO_SetBits
    temp.o(.text) refers to io.o(.text) for IO_IN_PULL_UP
    temp.o(.text) refers to systick.o(.text) for delay_us
    temp.o(.text) refers to stm32f2xx_rcc.o(.text) for RCC_AHB1PeriphClockCmd
    temp.o(.text) refers to fflt_clz.o(x$fpl$fflt) for __aeabi_i2f
    temp.o(.text) refers to f2d.o(x$fpl$f2d) for __aeabi_f2d
    temp.o(.text) refers to dmul.o(x$fpl$dmul) for __aeabi_dmul
    temp.o(.text) refers to dfix.o(x$fpl$dfix) for __aeabi_d2iz
    lcd12832.o(.text) refers to stm32f2xx_gpio.o(.text) for GPIO_WriteBit
    lcd12832.o(.text) refers to stm32f2xx_rcc.o(.text) for RCC_AHB1PeriphClockCmd
    lcd12832.o(.text) refers to io.o(.text) for IO_OUT_PULL_UP
    lcd12832.o(.text) refers to systick.o(.text) for delayms
    lcd12832.o(.text) refers to lcd12832.o(.bss) for LCD_GRAM
    lcd12832.o(.text) refers to fflt_clz.o(x$fpl$fflt) for __aeabi_i2f
    lcd12832.o(.text) refers to lcd12832.o(.constdata) for asc2_2412
    lcd12832.o(.text) refers to fleqf.o(x$fpl$fleqf) for __aeabi_cfcmple
    lcd12832.o(.text) refers to faddsub_clz.o(x$fpl$fadd) for __aeabi_fadd
    24cxx.o(.text) refers to stm32f2xx_gpio.o(.text) for GPIO_Init
    24cxx.o(.text) refers to stm32f2xx_rcc.o(.text) for RCC_AHB1PeriphClockCmd
    24cxx.o(.text) refers to systick.o(.text) for delay_us
    24cxx.o(.text) refers to 24cxx.o(.data) for ack
    fmc.o(.text) refers to stm32f2xx_flash.o(.text) for FLASH_Unlock
    ir.o(.text) refers to _printf_percent.o(.ARM.Collect$$_printf_percent$$00000000) for _printf_percent
[...]
    ../../signal.c                           0x00000000   Number         0  defsig_pvfn_inner.o ABSOLUTE
    ../../signal.c                           0x00000000   Number         0  defsig_stak_inner.o ABSOLUTE
    ../../signal.c                           0x00000000   Number         0  defsig_cppl_inner.o ABSOLUTE
    ../../signal.c                           0x00000000   Number         0  defsig_segv_inner.o ABSOLUTE
    ../../signal.c                           0x00000000   Number         0  defsig_other.o ABSOLUTE
    ../../signal.s                           0x00000000   Number         0  defsig.o ABSOLUTE
    ../../stdio.c                            0x00000000   Number         0  ferror_locked.o ABSOLUTE
    ../../stdio.c                            0x00000000   Number         0  ferror.o ABSOLUTE
    ../../stdlib.c                           0x00000000   Number         0  exit.o ABSOLUTE
    ../../usenofp.s                          0x00000000   Number         0  usenofp.o ABSOLUTE
    ..\Libraries\CMSIS\CM3\CoreSupport\core_cm3.c 0x00000000   Number         0  core_cm3.o ABSOLUTE
    ..\Libraries\CMSIS\CM3\DeviceSupport\ST\STM32F2xx\startup\arm\startup_stm32f2xx.s 0x00000000   Number         0  startup_stm32f2xx.o ABSOLUTE
    ..\Libraries\CMSIS\CM3\DeviceSupport\ST\STM32F2xx\system_stm32f2xx.c 0x00000000   Number         0  system_stm32f2xx.o ABSOLUTE
    ..\Libraries\STM32F2xx_StdPeriph_Driver\src\misc.c 0x00000000   Number         0  misc.o ABSOLUTE
    ..\Libraries\STM32F2xx_StdPeriph_Driver\src\stm32f2xx_adc.c 0x00000000   Number         0  stm32f2xx_adc.o ABSOLUTE
    ..\Libraries\STM32F2xx_StdPeriph_Driver\src\stm32f2xx_can.c 0x00000000   Number         0  stm32f2xx_can.o ABSOLUTE
    ..\Libraries\STM32F2xx_StdPeriph_Driver\src\stm32f2xx_crc.c 0x00000000   Number         0  stm32f2xx_crc.o ABSOLUTE
    ..\Libraries\STM32F2xx_StdPeriph_Driver\src\stm32f2xx_cryp.c 0x00000000   Number         0  stm32f2xx_cryp.o ABSOLUTE
    ..\Libraries\STM32F2xx_StdPeriph_Driver\src\stm32f2xx_cryp_aes.c 0x00000000   Number         0  stm32f2xx_cryp_aes.o ABSOLUTE
    ..\Libraries\STM32F2xx_StdPeriph_Driver\src\stm32f2xx_cryp_des.c 0x00000000   Number         0  stm32f2xx_cryp_des.o ABSOLUTE
    ..\Libraries\STM32F2xx_StdPeriph_Driver\src\stm32f2xx_cryp_tdes.c 0x00000000   Number         0  stm32f2xx_cryp_tdes.o ABSOLUTE
    ..\Libraries\STM32F2xx_StdPeriph_Driver\src\stm32f2xx_dac.c 0x00000000   Number         0  stm32f2xx_dac.o ABSOLUTE
    ..\Libraries\STM32F2xx_StdPeriph_Driver\src\stm32f2xx_dbgmcu.c 0x00000000   Number         0  stm32f2xx_dbgmcu.o ABSOLUTE
    ..\Libraries\STM32F2xx_StdPeriph_Driver\src\stm32f2xx_dcmi.c 0x00000000   Number         0  stm32f2xx_dcmi.o ABSOLUTE
    ..\Libraries\STM32F2xx_StdPeriph_Driver\src\stm32f2xx_dma.c 0x00000000   Number         0  stm32f2xx_dma.o ABSOLUTE
    ..\Libraries\STM32F2xx_StdPeriph_Driver\src\stm32f2xx_exti.c 0x00000000   Number         0  stm32f2xx_exti.o ABSOLUTE
    ..\Libraries\STM32F2xx_StdPeriph_Driver\src\stm32f2xx_flash.c 0x00000000   Number         0  stm32f2xx_flash.o ABSOLUTE
    ..\Libraries\STM32F2xx_StdPeriph_Driver\src\stm32f2xx_fsmc.c 0x00000000   Number         0  stm32f2xx_fsmc.o ABSOLUTE
    ..\Libraries\STM32F2xx_StdPeriph_Driver\src\stm32f2xx_gpio.c 0x00000000   Number         0  stm32f2xx_gpio.o ABSOLUTE
    ..\Libraries\STM32F2xx_StdPeriph_Driver\src\stm32f2xx_hash.c 0x00000000   Number         0  stm32f2xx_hash.o ABSOLUTE
    ..\Libraries\STM32F2xx_StdPeriph_Driver\src\stm32f2xx_hash_md5.c 0x00000000   Number         0  stm32f2xx_hash_md5.o ABSOLUTE
    ..\Libraries\STM32F2xx_StdPeriph_Driver\src\stm32f2xx_hash_sha1.c 0x00000000   Number         0  stm32f2xx_hash_sha1.o ABSOLUTE
    ..\Libraries\STM32F2xx_StdPeriph_Driver\src\stm32f2xx_i2c.c 0x00000000   Number         0  stm32f2xx_i2c.o ABSOLUTE
    ..\Libraries\STM32F2xx_StdPeriph_Driver\src\stm32f2xx_iwdg.c 0x00000000   Number         0  stm32f2xx_iwdg.o ABSOLUTE
    ..\Libraries\STM32F2xx_StdPeriph_Driver\src\stm32f2xx_pwr.c 0x00000000   Number         0  stm32f2xx_pwr.o ABSOLUTE
    ..\Libraries\STM32F2xx_StdPeriph_Driver\src\stm32f2xx_rcc.c 0x00000000   Number         0  stm32f2xx_rcc.o ABSOLUTE
    ..\Libraries\STM32F2xx_StdPeriph_Driver\src\stm32f2xx_rng.c 0x00000000   Number         0  stm32f2xx_rng.o ABSOLUTE
    ..\Libraries\STM32F2xx_StdPeriph_Driver\src\stm32f2xx_rtc.c 0x00000000   Number         0  stm32f2xx_rtc.o ABSOLUTE
    ..\Libraries\STM32F2xx_StdPeriph_Driver\src\stm32f2xx_sdio.c 0x00000000   Number         0  stm32f2xx_sdio.o ABSOLUTE
    ..\Libraries\STM32F2xx_StdPeriph_Driver\src\stm32f2xx_spi.c 0x00000000   Number         0  stm32f2xx_spi.o ABSOLUTE
    ..\Libraries\STM32F2xx_StdPeriph_Driver\src\stm32f2xx_syscfg.c 0x00000000   Number         0  stm32f2xx_syscfg.o ABSOLUTE
    ..\Libraries\STM32F2xx_StdPeriph_Driver\src\stm32f2xx_tim.c 0x00000000   Number         0  stm32f2xx_tim.o ABSOLUTE
    ..\Libraries\STM32F2xx_StdPeriph_Driver\src\stm32f2xx_usart.c 0x00000000   Number         0  stm32f2xx_usart.o ABSOLUTE
    ..\Libraries\STM32F2xx_StdPeriph_Driver\src\stm32f2xx_wwdg.c 0x00000000   Number         0  stm32f2xx_wwdg.o ABSOLUTE
    ..\User\18B20.c                          0x00000000   Number         0  18b20.o ABSOLUTE
    ..\User\24cxx.c                          0x00000000   Number         0  24cxx.o ABSOLUTE
    ..\User\SysTick\stm32f10x_systick.c      0x00000000   Number         0  stm32f10x_systick.o ABSOLUTE
    ..\User\SysTick\systick.c                0x00000000   Number         0  systick.o ABSOLUTE
    ..\User\config.c                         0x00000000   Number         0  config.o ABSOLUTE
    ..\User\fmc.c                            0x00000000   Number         0  fmc.o ABSOLUTE
    ..\User\io.c                             0x00000000   Number         0  io.o ABSOLUTE
    ..\User\ir.c                             0x00000000   Number         0  ir.o ABSOLUTE
    ..\User\key.c                            0x00000000   Number         0  key.o ABSOLUTE
    ..\User\lcd12832.c                       0x00000000   Number         0  lcd12832.o ABSOLUTE
    ..\User\main.c                           0x00000000   Number         0  main.o ABSOLUTE
    ..\User\stm32f2xx_it.c                   0x00000000   Number         0  stm32f2xx_it.o ABSOLUTE
    ..\User\temp.c                           0x00000000   Number         0  temp.o ABSOLUTE
    ..\User\usart.c                          0x00000000   Number         0  usart.o ABSOLUTE
    ..\\Libraries\\CMSIS\\CM3\\CoreSupport\\core_cm3.c 0x00000000   Number         0  core_cm3.o ABSOLUTE
    dc.s                                     0x00000000   Number         0  dc.o ABSOLUTE
    RESET                                    0x08000000   Section      388  startup_stm32f2xx.o(RESET)
    !!!main                                  0x08000184   Section        8  __main.o(!!!main)
    !!!scatter                               0x0800018c   Section       52  __scatter.o(!!!scatter)
    !!dczerorl2                              0x080001c0   Section       90  __dczerorl2.o(!!dczerorl2)
    !!handler_zi                             0x0800021c   Section       28  __scatter_zi.o(!!handler_zi)
    .ARM.Collect$$_printf_percent$$00000000  0x08000238   Section        0  _printf_percent.o(.ARM.Collect$$_printf_percent$$00000000)
    .ARM.Collect$$_printf_percent$$00000009  0x08000238   Section        6  _printf_d.o(.ARM.Collect$$_printf_percent$$00000009)
    .ARM.Collect$$_printf_percent$$00000013  0x0800023e   Section        6  _printf_c.o(.ARM.Collect$$_printf_percent$$00000013)
    .ARM.Collect$$_printf_percent$$00000014  0x08000244   Section        6  _printf_s.o(.ARM.Collect$$_printf_percent$$00000014)
    .ARM.Collect$$_printf_percent$$00000017  0x0800024a   Section        4  _printf_percent_end.o(.ARM.Collect$$_printf_percent$$00000017)
    .ARM.Collect$$libinit$$00000000          0x0800024e   Section        6  libinit.o(.ARM.Collect$$libinit$$00000000)
    .ARM.Collect$$libinit$$00000006          0x08000254   Section        0  libinit2.o(.ARM.Collect$$libinit$$00000006)
    .ARM.Collect$$libinit$$00000008          0x08000254   Section        0  libinit2.o(.ARM.Collect$$libinit$$00000008)
    .ARM.Collect$$libinit$$0000000A          0x08000254   Section        0  libinit2.o(.ARM.Collect$$libinit$$0000000A)
    .ARM.Collect$$libinit$$0000000D          0x08000254   Section        0  libinit2.o(.ARM.Collect$$libinit$$0000000D)
    .ARM.Collect$$libinit$$0000000F          0x08000254   Section        0  libinit2.o(.ARM.Collect$$libinit$$0000000F)
    .ARM.Collect$$libinit$$00000011          0x08000254   Section        0  libinit2.o(.ARM.Collect$$libinit$$00000011)
    .ARM.Collect$$libinit$$00000013          0x08000254   Section        0  libinit2.o(.ARM.Collect$$libinit$$00000013)
    .ARM.Collect$$libinit$$00000015          0x08000254   Section        0  libinit2.o(.ARM.Collect$$libinit$$00000015)
    .ARM.Collect$$libinit$$00000017          0x08000254   Section        0  libinit2.o(.ARM.Collect$$libinit$$00000017)
    .ARM.Collect$$libinit$$00000019          0x08000254   Section        0  libinit2.o(.ARM.Collect$$libinit$$00000019)
    .ARM.Collect$$libinit$$0000001B          0x08000254   Section        0  libinit2.o(.ARM.Collect$$libinit$$0000001B)
    .ARM.Collect$$libinit$$0000001D          0x08000254   Section        0  libinit2.o(.ARM.Collect$$libinit$$0000001D)
    .ARM.Collect$$libinit$$0000001F          0x08000254   Section        0  libinit2.o(.ARM.Collect$$libinit$$0000001F)
    .ARM.Collect$$libinit$$00000021          0x08000254   Section        0  libinit2.o(.ARM.Collect$$libinit$$00000021)
    .ARM.Collect$$libinit$$00000028          0x08000254   Section        0  libinit2.o(.ARM.Collect$$libinit$$00000028)
    .ARM.Collect$$libinit$$0000002A          0x08000254   Section        0  libinit2.o(.ARM.Collect$$libinit$$0000002A)
    .ARM.Collect$$libinit$$0000002C          0x08000254   Section        0  libinit2.o(.ARM.Collect$$libinit$$0000002C)
    .ARM.Collect$$libinit$$0000002E          0x08000254   Section        0  libinit2.o(.ARM.Collect$$libinit$$0000002E)
    .ARM.Collect$$libinit$$0000002F          0x08000254   Section        2  libinit2.o(.ARM.Collect$$libinit$$0000002F)
    .ARM.Collect$$libshutdown$$00000000      0x08000256   Section        2  libshutdown.o(.ARM.Collect$$libshutdown$$00000000)
    .ARM.Collect$$libshutdown$$00000003      0x08000258   Section        0  libshutdown2.o(.ARM.Collect$$libshutdown$$00000003)
    .ARM.Collect$$libshutdown$$00000006      0x08000258   Section        0  libshutdown2.o(.ARM.Collect$$libshutdown$$00000006)
    .ARM.Collect$$libshutdown$$00000009      0x08000258   Section        0  libshutdown2.o(.ARM.Collect$$libshutdown$$00000009)
    .ARM.Collect$$libshutdown$$0000000B      0x08000258   Section        0  libshutdown2.o(.ARM.Collect$$libshutdown$$0000000B)
    .ARM.Collect$$libshutdown$$0000000E      0x08000258   Section        0  libshutdown2.o(.ARM.Collect$$libshutdown$$0000000E)
    .ARM.Collect$$libshutdown$$0000000F      0x08000258   Section        2  libshutdown2.o(.ARM.Collect$$libshutdown$$0000000F)
    .ARM.Collect$$rtentry$$00000000          0x0800025a   Section        0  rtentry.o(.ARM.Collect$$rtentry$$00000000)
    .ARM.Collect$$rtentry$$00000002          0x0800025a   Section        0  rtentry2.o(.ARM.Collect$$rtentry$$00000002)
    .ARM.Collect$$rtentry$$00000004          0x0800025a   Section        6  rtentry4.o(.ARM.Collect$$rtentry$$00000004)
    .ARM.Collect$$rtentry$$00000009          0x08000260   Section        0  rtentry2.o(.ARM.Collect$$rtentry$$00000009)
    .ARM.Collect$$rtentry$$0000000A          0x08000260   Section        4  rtentry2.o(.ARM.Collect$$rtentry$$0000000A)
    .ARM.Collect$$rtentry$$0000000C          0x08000264   Section        0  rtentry2.o(.ARM.Collect$$rtentry$$0000000C)
    .ARM.Collect$$rtentry$$0000000D          0x08000264   Section        8  rtentry2.o(.ARM.Collect$$rtentry$$0000000D)
    .ARM.Collect$$rtexit$$00000000           0x0800026c   Section        2  rtexit.o(.ARM.Collect$$rtexit$$00000000)
    .ARM.Collect$$rtexit$$00000002           0x0800026e   Section        0  rtexit2.o(.ARM.Collect$$rtexit$$00000002)
    .ARM.Collect$$rtexit$$00000003           0x0800026e   Section        4  rtexit2.o(.ARM.Collect$$rtexit$$00000003)
    .ARM.Collect$$rtexit$$00000004           0x08000272   Section        6  rtexit2.o(.ARM.Collect$$rtexit$$00000004)
    .text                                    0x08000278   Section        0  main.o(.text)
    .text                                    0x08000d14   Section        0  stm32f2xx_it.o(.text)
    .text                                    0x08000d8c   Section        0  stm32f10x_systick.o(.text)
    .text                                    0x08000e28   Section        0  systick.o(.text)
    .text                                    0x08000f0c   Section        0  io.o(.text)
    .text                                    0x080010b0   Section        0  key.o(.text)
    .text                                    0x08001290   Section        0  usart.o(.text)
    .text                                    0x0800138c   Section        0  lcd12832.o(.text)
    LCD_CS                                   0x0800138d   Thumb Code    26  lcd12832.o(.text)
    LCD_RS                                   0x080013a7   Thumb Code    26  lcd12832.o(.text)
    LCD_SCLK                                 0x080013c1   Thumb Code    28  lcd12832.o(.text)
    LCD_SDIN                                 0x080013dd   Thumb Code    28  lcd12832.o(.text)
    LCD_RST                                  0x080013f9   Thumb Code    28  lcd12832.o(.text)
    LCD_BL                                   0x08001415   Thumb Code    28  lcd12832.o(.text)
    swap                                     0x08001941   Thumb Code    10  lcd12832.o(.text)
    .text                                    0x08001cac   Section        0  fmc.o(.text)
    .text                                    0x08001e5c   Section        0  ir.o(.text)
    .text                                    0x0800240c   Section       64  startup_stm32f2xx.o(.text)
    .text                                    0x0800244c   Section        0  stm32f2xx_exti.o(.text)
    .text                                    0x08002588   Section        0  stm32f2xx_gpio.o(.text)
    .text                                    0x080027d4   Section        0  stm32f2xx_rcc.o(.text)
    .text                                    0x08002dd8   Section        0  stm32f2xx_usart.o(.text)
    .text                                    0x080031f8   Section        0  misc.o(.text)
    .text                                    0x080032f8   Section        0  stm32f2xx_flash.o(.text)
    .text                                    0x08003818   Section        0  stm32f2xx_syscfg.o(.text)
    .text                                    0x080038a8   Section        0  stm32f2xx_tim.o(.text)
    TI4_Config                               0x08003fff   Thumb Code    68  stm32f2xx_tim.o(.text)
    TI3_Config                               0x08004055   Thumb Code    64  stm32f2xx_tim.o(.text)
    TI2_Config                               0x080040ab   Thumb Code    68  stm32f2xx_tim.o(.text)
    TI1_Config                               0x08004101   Thumb Code    66  stm32f2xx_tim.o(.text)
    .text                                    0x080044e0   Section        0  system_stm32f2xx.o(.text)
    SetSysClock                              0x080044e1   Thumb Code   186  system_stm32f2xx.o(.text)
    .text                                    0x080046cc   Section        2  use_no_semi_2.o(.text)
    .text                                    0x080046d0   Section        0  noretval__2printf.o(.text)
    .text                                    0x080046e8   Section        0  noretval__2sprintf.o(.text)
    .text                                    0x08004710   Section        0  __printf.o(.text)
    .text                                    0x0800477a   Section        0  _printf_str.o(.text)
    .text                                    0x080047cc   Section        0  _printf_dec.o(.text)
    .text                                    0x08004840   Section        0  heapauxi.o(.text)
    .text                                    0x08004846   Section        2  use_no_semi.o(.text)
    .text                                    0x08004848   Section        0  _printf_intcommon.o(.text)
    .text                                    0x080048fc   Section        0  _printf_char_common.o(.text)
    _printf_input_char                       0x080048fd   Thumb Code    10  _printf_char_common.o(.text)
    .text                                    0x0800492c   Section        0  _sputc.o(.text)
    .text                                    0x08004936   Section        0  _printf_char.o(.text)
    .text                                    0x08004964   Section        0  _printf_char_file.o(.text)
    .text                                    0x08004988   Section       16  rtudiv10.o(.text)
    .text                                    0x08004998   Section        0  ferror.o(.text)
    .text                                    0x080049a0   Section       74  sys_stackheap_outer.o(.text)
    .text                                    0x080049ea   Section        0  exit.o(.text)
    .text                                    0x080049f8   Section        8  libspace.o(.text)
    .text                                    0x08004a00   Section       12  rt_fp_status_addr_intlibspace.o(.text)
    x$fpl$fadd                               0x08004a0c   Section      196  faddsub_clz.o(x$fpl$fadd)
    _fadd1                                   0x08004a1b   Thumb Code     0  faddsub_clz.o(x$fpl$fadd)
    x$fpl$fcmpinf                            0x08004ad0   Section       24  fcmpi.o(x$fpl$fcmpinf)
    x$fpl$fflt                               0x08004ae8   Section       48  fflt_clz.o(x$fpl$fflt)
    x$fpl$fleqf                              0x08004b18   Section      104  fleqf.o(x$fpl$fleqf)
    x$fpl$fnaninf                            0x08004b80   Section      140  fnaninf.o(x$fpl$fnaninf)
    x$fpl$fpinit                             0x08004c0c   Section       14  fpinit.o(x$fpl$fpinit)
    x$fpl$fretinf                            0x08004c1a   Section       10  fretinf.o(x$fpl$fretinf)
    x$fpl$fsub                               0x08004c24   Section      234  faddsub_clz.o(x$fpl$fsub)
    _fsub1                                   0x08004c33   Thumb Code     0  faddsub_clz.o(x$fpl$fsub)
    .constdata                               0x08004d0e   Section     6080  lcd12832.o(.constdata)
    x$fpl$usenofp                            0x08004d0e   Section        0  usenofp.o(x$fpl$usenofp)
    asc2_1206                                0x08004d0e   Data        1140  lcd12832.o(.constdata)
    asc2_1608                                0x08005182   Data        1520  lcd12832.o(.constdata)
    asc2_2412                                0x08005772   Data        3420  lcd12832.o(.constdata)
    .data                                    0x20000000   Section        1  main.o(.data)
    .data                                    0x20000002   Section        5  systick.o(.data)
    delay_fac_us                             0x20000002   Data           1  systick.o(.data)
    delay_fac_ms                             0x20000004   Data           2  systick.o(.data)
    Status                                   0x20000006   Data           1  systick.o(.data)
    .data                                    0x20000008   Section        4  usart.o(.data)
    .data                                    0x2000000c   Section     1004  ir.o(.data)
    .data                                    0x200003f8   Section       16  stm32f2xx_rcc.o(.data)
    APBAHBPrescTable                         0x200003f8   Data          16  stm32f2xx_rcc.o(.data)
    .data                                    0x20000408   Section       20  system_stm32f2xx.o(.data)
    .bss                                     0x2000041c   Section      512  lcd12832.o(.bss)
    .bss                                     0x2000061c   Section    13000  ir.o(.bss)
    .bss                                     0x200038e4   Section       96  libspace.o(.bss)
    HEAP                                     0x20003948   Section      512  startup_stm32f2xx.o(HEAP)
    Heap_Mem                                 0x20003948   Data         512  startup_stm32f2xx.o(HEAP)
    STACK                                    0x20003b48   Section     1024  startup_stm32f2xx.o(STACK)
    Stack_Mem                                0x20003b48   Data        1024  startup_stm32f2xx.o(STACK)
    __initial_sp                             0x20003f48   Data           0  startup_stm32f2xx.o(STACK)

    Global Symbols

    Symbol Name                              Value     Ov Type        Size  Object(Section)

    BuildAttributes$$THM_ISAv4$P$D$K$B$S$PE$A:L22UL41UL21$X:L11$S22US41US21$IEEE1$IW$USESV6$~STKCKD$USESV7$~SHL$OSPACE$ROPI$EBA8$UX$STANDARDLIB$REQ8$PRES8$EABIv2 0x00000000   Number         0  anon$$obj.o ABSOLUTE
    __ARM_use_no_argv                        0x00000000   Number         0  main.o ABSOLUTE
    __ARM_exceptions_init                     - Undefined Weak Reference
    __alloca_initialize                       - Undefined Weak Reference
    __cpp_initialize__aeabi_                  - Undefined Weak Reference
    __cxa_finalize                            - Undefined Weak Reference
    __rt_locale                               - Undefined Weak Reference
    __sigvec_lookup                           - Undefined Weak Reference
    _atexit_init                              - Undefined Weak Reference
    _call_atexit_fns                          - Undefined Weak Reference
    _clock_init                               - Undefined Weak Reference
    _fp_trap_init                             - Undefined Weak Reference
    _fp_trap_shutdown                         - Undefined Weak Reference
    _get_lc_collate                           - Undefined Weak Reference
    _get_lc_ctype                             - Undefined Weak Reference
    _get_lc_monetary                          - Undefined Weak Reference
    _get_lc_numeric                           - Undefined Weak Reference
    _get_lc_time                              - Undefined Weak Reference
    _getenv_init                              - Undefined Weak Reference
    _handle_redirection                       - Undefined Weak Reference
    _init_alloc                               - Undefined Weak Reference
    _init_user_alloc                          - Undefined Weak Reference
    _initio                                   - Undefined Weak Reference
    _mutex_acquire                            - Undefined Weak Reference
    _mutex_release                            - Undefined Weak Reference
    _printf_mbtowc                            - Undefined Weak Reference
    _printf_post_padding                      - Undefined Weak Reference
    _printf_pre_padding                       - Undefined Weak Reference
    _printf_truncate_signed                   - Undefined Weak Reference
    _printf_truncate_unsigned                 - Undefined Weak Reference
    _rand_init                                - Undefined Weak Reference
    _signal_finish                            - Undefined Weak Reference
    _signal_init                              - Undefined Weak Reference
    _terminate_alloc                          - Undefined Weak Reference
    _terminate_user_alloc                     - Undefined Weak Reference
    _terminateio                              - Undefined Weak Reference
    __Vectors_Size                           0x00000184   Number         0  startup_stm32f2xx.o ABSOLUTE
    __Vectors                                0x08000000   Data           4  startup_stm32f2xx.o(RESET)
    __Vectors_End                            0x08000184   Data           0  startup_stm32f2xx.o(RESET)
    __main                                   0x08000185   Thumb Code     8  __main.o(!!!main)
    __scatterload                            0x0800018d   Thumb Code     0  __scatter.o(!!!scatter)
    __scatterload_rt2                        0x0800018d   Thumb Code    44  __scatter.o(!!!scatter)
    __scatterload_rt2_thumb_only             0x0800018d   Thumb Code     0  __scatter.o(!!!scatter)
    __scatterload_null                       0x0800019b   Thumb Code     0  __scatter.o(!!!scatter)
    __decompress                             0x080001c1   Thumb Code    90  __dczerorl2.o(!!dczerorl2)
    __decompress1                            0x080001c1   Thumb Code     0  __dczerorl2.o(!!dczerorl2)
    __scatterload_zeroinit                   0x0800021d   Thumb Code    28  __scatter_zi.o(!!handler_zi)
    _printf_d                                0x08000239   Thumb Code     0  _printf_d.o(.ARM.Collect$$_printf_percent$$00000009)
    _printf_percent                          0x08000239   Thumb Code     0  _printf_percent.o(.ARM.Collect$$_printf_percent$$00000000)
    _printf_c                                0x0800023f   Thumb Code     0  _printf_c.o(.ARM.Collect$$_printf_percent$$00000013)
    _printf_s                                0x08000245   Thumb Code     0  _printf_s.o(.ARM.Collect$$_printf_percent$$00000014)
    _printf_percent_end                      0x0800024b   Thumb Code     0  _printf_percent_end.o(.ARM.Collect$$_printf_percent$$00000017)
    __rt_lib_init                            0x0800024f   Thumb Code     0  libinit.o(.ARM.Collect$$libinit$$00000000)
    __rt_lib_init_alloca_1                   0x08000255   Thumb Code     0  libinit2.o(.ARM.Collect$$libinit$$0000002A)
    __rt_lib_init_argv_1                     0x08000255   Thumb Code     0  libinit2.o(.ARM.Collect$$libinit$$00000028)
    __rt_lib_init_atexit_1                   0x08000255   Thumb Code     0  libinit2.o(.ARM.Collect$$libinit$$00000017)
    __rt_lib_init_clock_1                    0x08000255   Thumb Code     0  libinit2.o(.ARM.Collect$$libinit$$0000001D)
    __rt_lib_init_cpp_1                      0x08000255   Thumb Code     0  libinit2.o(.ARM.Collect$$libinit$$0000002E)
    __rt_lib_init_exceptions_1               0x08000255   Thumb Code     0  libinit2.o(.ARM.Collect$$libinit$$0000002C)
    __rt_lib_init_fp_trap_1                  0x08000255   Thumb Code     0  libinit2.o(.ARM.Collect$$libinit$$0000001B)
    __rt_lib_init_getenv_1                   0x08000255   Thumb Code     0  libinit2.o(.ARM.Collect$$libinit$$0000001F)
    __rt_lib_init_heap_1                     0x08000255   Thumb Code     0  libinit2.o(.ARM.Collect$$libinit$$00000006)
    __rt_lib_init_lc_collate_1               0x08000255   Thumb Code     0  libinit2.o(.ARM.Collect$$libinit$$0000000D)
    __rt_lib_init_lc_ctype_1                 0x08000255   Thumb Code     0  libinit2.o(.ARM.Collect$$libinit$$0000000F)
    __rt_lib_init_lc_monetary_1              0x08000255   Thumb Code     0  libinit2.o(.ARM.Collect$$libinit$$00000011)
    __rt_lib_init_lc_numeric_1               0x08000255   Thumb Code     0  libinit2.o(.ARM.Collect$$libinit$$00000013)
    __rt_lib_init_lc_time_1                  0x08000255   Thumb Code     0  libinit2.o(.ARM.Collect$$libinit$$00000015)
    __rt_lib_init_rand_1                     0x08000255   Thumb Code     0  libinit2.o(.ARM.Collect$$libinit$$0000000A)
    __rt_lib_init_return                     0x08000255   Thumb Code     0  libinit2.o(.ARM.Collect$$libinit$$0000002F)
    __rt_lib_init_signal_1                   0x08000255   Thumb Code     0  libinit2.o(.ARM.Collect$$libinit$$00000019)
    __rt_lib_init_stdio_1                    0x08000255   Thumb Code     0  libinit2.o(.ARM.Collect$$libinit$$00000021)
    __rt_lib_init_user_alloc_1               0x08000255   Thumb Code     0  libinit2.o(.ARM.Collect$$libinit$$00000008)
    __rt_lib_shutdown                        0x08000257   Thumb Code     0  libshutdown.o(.ARM.Collect$$libshutdown$$00000000)
    __rt_lib_shutdown_fp_trap_1              0x08000259   Thumb Code     0  libshutdown2.o(.ARM.Collect$$libshutdown$$00000006)
    __rt_lib_shutdown_heap_1                 0x08000259   Thumb Code     0  libshutdown2.o(.ARM.Collect$$libshutdown$$0000000E)
    __rt_lib_shutdown_return                 0x08000259   Thumb Code     0  libshutdown2.o(.ARM.Collect$$libshutdown$$0000000F)
    __rt_lib_shutdown_signal_1               0x08000259   Thumb Code     0  libshutdown2.o(.ARM.Collect$$libshutdown$$00000009)
    __rt_lib_shutdown_stdio_1                0x08000259   Thumb Code     0  libshutdown2.o(.ARM.Collect$$libshutdown$$00000003)
    __rt_lib_shutdown_user_alloc_1           0x08000259   Thumb Code     0  libshutdown2.o(.ARM.Collect$$libshutdown$$0000000B)
    __rt_entry                               0x0800025b   Thumb Code     0  rtentry.o(.ARM.Collect$$rtentry$$00000000)
    __rt_entry_presh_1                       0x0800025b   Thumb Code     0  rtentry2.o(.ARM.Collect$$rtentry$$00000002)
    __rt_entry_sh                            0x0800025b   Thumb Code     0  rtentry4.o(.ARM.Collect$$rtentry$$00000004)
    __rt_entry_li                            0x08000261   Thumb Code     0  rtentry2.o(.ARM.Collect$$rtentry$$0000000A)
    __rt_entry_postsh_1                      0x08000261   Thumb Code     0  rtentry2.o(.ARM.Collect$$rtentry$$00000009)
    __rt_entry_main                          0x08000265   Thumb Code     0  rtentry2.o(.ARM.Collect$$rtentry$$0000000D)
    __rt_entry_postli_1                      0x08000265   Thumb Code     0  rtentry2.o(.ARM.Collect$$rtentry$$0000000C)
    __rt_exit                                0x0800026d   Thumb Code     0  rtexit.o(.ARM.Collect$$rtexit$$00000000)
    __rt_exit_ls                             0x0800026f   Thumb Code     0  rtexit2.o(.ARM.Collect$$rtexit$$00000003)
    __rt_exit_prels_1                        0x0800026f   Thumb Code     0  rtexit2.o(.ARM.Collect$$rtexit$$00000002)
    __rt_exit_exit                           0x08000273   Thumb Code     0  rtexit2.o(.ARM.Collect$$rtexit$$00000004)
    showString                               0x08000279   Thumb Code    28  main.o(.text)
    show                                     0x08000295   Thumb Code    22  main.o(.text)
    showNumber                               0x080002ab   Thumb Code    26  main.o(.text)
    beep                                     0x080002c5   Thumb Code    78  main.o(.text)
    powerOff                                 0x08000313   Thumb Code    16  main.o(.text)
    powerOn                                  0x08000323   Thumb Code    16  main.o(.text)
    saveIr                                   0x08000333   Thumb Code   198  main.o(.text)
    sendIr                                   0x080003f9   Thumb Code   198  main.o(.text)
    ir                                       0x080004bf   Thumb Code   718  main.o(.text)
    main                                     0x0800078d   Thumb Code    96  main.o(.text)
    Delay                                    0x080007ed   Thumb Code    12  main.o(.text)
    testLcd                                  0x080007f9   Thumb Code   972  main.o(.text)
    testIO                                   0x08000bc5   Thumb Code   184  main.o(.text)
    doKey                                    0x08000c7d   Thumb Code   122  main.o(.text)
    NMI_Handler                              0x08000d15   Thumb Code     2  stm32f2xx_it.o(.text)
    HardFault_Handler                        0x08000d17   Thumb Code     4  stm32f2xx_it.o(.text)
    MemManage_Handler                        0x08000d1b   Thumb Code     4  stm32f2xx_it.o(.text)
    BusFault_Handler                         0x08000d1f   Thumb Code     4  stm32f2xx_it.o(.text)
    UsageFault_Handler                       0x08000d23   Thumb Code     4  stm32f2xx_it.o(.text)
    SVC_Handler                              0x08000d27   Thumb Code     2  stm32f2xx_it.o(.text)
    DebugMon_Handler                         0x08000d29   Thumb Code     2  stm32f2xx_it.o(.text)
    PendSV_Handler                           0x08000d2b   Thumb Code     2  stm32f2xx_it.o(.text)
    SysTick_Handler                          0x08000d2d   Thumb Code     2  stm32f2xx_it.o(.text)
    USART1_IRQHandler                        0x08000d2f   Thumb Code    32  stm32f2xx_it.o(.text)
    SysTick_SetReload                        0x08000d8d   Thumb Code     8  stm32f10x_systick.o(.text)
    SysTick_CounterCmd                       0x08000d95   Thumb Code    54  stm32f10x_systick.o(.text)
    SysTick_ITConfig                         0x08000dcb   Thumb Code    38  stm32f10x_systick.o(.text)
    SysTick_GetCounter                       0x08000df1   Thumb Code     8  stm32f10x_systick.o(.text)
    SysTick_GetFlagStatus                    0x08000df9   Thumb Code    46  stm32f10x_systick.o(.text)
    delay_init                               0x08000e29   Thumb Code    50  systick.o(.text)
    delay_us                                 0x08000e5b   Thumb Code    62  systick.o(.text)
    _delay_ms                                0x08000e99   Thumb Code    74  systick.o(.text)
    delayms                                  0x08000ee3   Thumb Code    24  systick.o(.text)
    IOInit                                   0x08000f0d   Thumb Code    52  io.o(.text)
    LedInit                                  0x08000f41   Thumb Code    46  io.o(.text)
    IO                                       0x08000f6f   Thumb Code    10  io.o(.text)
    LedRed                                   0x08000f79   Thumb Code    24  io.o(.text)
    LedBlue                                  0x08000f91   Thumb Code    24  io.o(.text)
    LedYellow                                0x08000fa9   Thumb Code    24  io.o(.text)
    LedLcd                                   0x08000fc1   Thumb Code    26  io.o(.text)
    IOToggle                                 0x08000fdb   Thumb Code     8  io.o(.text)
    gpioOut                                  0x08000fe3   Thumb Code    36  io.o(.text)
    IO_OUT_PULL_UP                           0x08001007   Thumb Code    42  io.o(.text)
    IO_OUT_FLOATING                          0x08001031   Thumb Code    40  io.o(.text)
    IO_IN_FLOATING                           0x08001059   Thumb Code    40  io.o(.text)
    IO_IN_PULL_UP                            0x08001081   Thumb Code    40  io.o(.text)
    keyInit                                  0x080010b1   Thumb Code    20  key.o(.text)
    keyScan                                  0x080010c5   Thumb Code   444  key.o(.text)
    USART_Configuration                      0x08001291   Thumb Code   174  usart.o(.text)
    USART_NVIC_Config                        0x0800133f   Thumb Code    32  usart.o(.text)
    _sys_exit                                0x0800135f   Thumb Code     6  usart.o(.text)
    fputc                                    0x08001365   Thumb Code    32  usart.o(.text)
    LCD_writeByte                            0x08001431   Thumb Code    74  lcd12832.o(.text)
    LCD_init                                 0x0800147b   Thumb Code   226  lcd12832.o(.text)
    LCD_on                                   0x0800155d   Thumb Code    12  lcd12832.o(.text)
    LCD_off                                  0x08001569   Thumb Code    12  lcd12832.o(.text)
    LCD_setAdress                            0x08001575   Thumb Code    46  lcd12832.o(.text)
    LCD_clear                                0x080015a3   Thumb Code    44  lcd12832.o(.text)
    LCD_scroll                               0x080015cf   Thumb Code    18  lcd12832.o(.text)
    LCD_inverseDisplay                       0x080015e1   Thumb Code    26  lcd12832.o(.text)
    LCD_setAllPixel                          0x080015fb   Thumb Code    26  lcd12832.o(.text)
    LCD_showCnChar                           0x08001615   Thumb Code    90  lcd12832.o(.text)
    LCD_showCnString                         0x0800166f   Thumb Code    40  lcd12832.o(.text)
    LCD_fill                                 0x08001697   Thumb Code    36  lcd12832.o(.text)
    LCD_clearBuffer                          0x080016bb   Thumb Code    10  lcd12832.o(.text)
    LCD_clearAll                             0x080016c5   Thumb Code    12  lcd12832.o(.text)
    LCD_refresh                              0x080016d1   Thumb Code    50  lcd12832.o(.text)
    LCD_drawPoint                            0x08001703   Thumb Code   158  lcd12832.o(.text)
    LCD_drawChar                             0x080017a1   Thumb Code   338  lcd12832.o(.text)
    LCD_drawString                           0x080018f3   Thumb Code    78  lcd12832.o(.text)
    LCD_drawLineH                            0x0800194b   Thumb Code    68  lcd12832.o(.text)
    LCD_drawLineV                            0x0800198f   Thumb Code    68  lcd12832.o(.text)
    LCD_drawLine                             0x080019d3   Thumb Code   230  lcd12832.o(.text)
    LCD_drawRect                             0x08001ab9   Thumb Code   104  lcd12832.o(.text)
    LCD_drawCircle                           0x08001b21   Thumb Code   388  lcd12832.o(.text)
    FMC_unlock                               0x08001cad   Thumb Code    14  fmc.o(.text)
    FMC_lock                                 0x08001cbb   Thumb Code     8  fmc.o(.text)
    GetSector                                0x08001cc3   Thumb Code   182  fmc.o(.text)
    FMC_write                                0x08001d79   Thumb Code    86  fmc.o(.text)
    FMC_read                                 0x08001dcf   Thumb Code    40  fmc.o(.text)
    FMC_test                                 0x08001df7   Thumb Code    46  fmc.o(.text)
    EXTI_Set                                 0x08001e5d   Thumb Code    38  ir.o(.text)
    IR_Init                                  0x08001e83   Thumb Code   114  ir.o(.text)
    EXTI9_5_IRQHandler                       0x08001ef5   Thumb Code   182  ir.o(.text)
    TIM3_PWM_Init                            0x08001fab   Thumb Code   186  ir.o(.text)
    IR_GPIO_Init                             0x08002065   Thumb Code    54  ir.o(.text)
    IR_getProto                              0x0800209b   Thumb Code    42  ir.o(.text)
    IR_getDatalen                            0x080020c5   Thumb Code     6  ir.o(.text)
    IR_clearRecvData                         0x080020cb   Thumb Code    22  ir.o(.text)
    IR_recvEnable                            0x080020e1   Thumb Code    44  ir.o(.text)
    IR_isStudy                               0x0800210d   Thumb Code     6  ir.o(.text)
    IR_write                                 0x08002113   Thumb Code    22  ir.o(.text)
    IR_save                                  0x08002129   Thumb Code    36  ir.o(.text)
    sendData                                 0x0800214d   Thumb Code   144  ir.o(.text)
    IR_read                                  0x080021dd   Thumb Code   328  ir.o(.text)
    IR_SendData                              0x08002325   Thumb Code   170  ir.o(.text)
    IR_init                                  0x080023cf   Thumb Code    32  ir.o(.text)
    Reset_Handler                            0x0800240d   Thumb Code     8  startup_stm32f2xx.o(.text)
    ADC_IRQHandler                           0x08002427   Thumb Code     0  startup_stm32f2xx.o(.text)
    CAN1_RX0_IRQHandler                      0x08002427   Thumb Code     0  startup_stm32f2xx.o(.text)
    CAN1_RX1_IRQHandler                      0x08002427   Thumb Code     0  startup_stm32f2xx.o(.text)
    CAN1_SCE_IRQHandler                      0x08002427   Thumb Code     0  startup_stm32f2xx.o(.text)
    CAN1_TX_IRQHandler                       0x08002427   Thumb Code     0  startup_stm32f2xx.o(.text)
    CAN2_RX0_IRQHandler                      0x08002427   Thumb Code     0  startup_stm32f2xx.o(.text)
    CAN2_RX1_IRQHandler                      0x08002427   Thumb Code     0  startup_stm32f2xx.o(.text)
    CAN2_SCE_IRQHandler                      0x08002427   Thumb Code     0  startup_stm32f2xx.o(.text)
    CAN2_TX_IRQHandler                       0x08002427   Thumb Code     0  startup_stm32f2xx.o(.text)
    CRYP_IRQHandler                          0x08002427   Thumb Code     0  startup_stm32f2xx.o(.text)
    DCMI_IRQHandler                          0x08002427   Thumb Code     0  startup_stm32f2xx.o(.text)
    DMA1_Stream0_IRQHandler                  0x08002427   Thumb Code     0  startup_stm32f2xx.o(.text)
    DMA1_Stream1_IRQHandler                  0x08002427   Thumb Code     0  startup_stm32f2xx.o(.text)
    DMA1_Stream2_IRQHandler                  0x08002427   Thumb Code     0  startup_stm32f2xx.o(.text)
    DMA1_Stream3_IRQHandler                  0x08002427   Thumb Code     0  startup_stm32f2xx.o(.text)
    DMA1_Stream4_IRQHandler                  0x08002427   Thumb Code     0  startup_stm32f2xx.o(.text)
    DMA1_Stream5_IRQHandler                  0x08002427   Thumb Code     0  startup_stm32f2xx.o(.text)
    DMA1_Stream6_IRQHandler                  0x08002427   Thumb Code     0  startup_stm32f2xx.o(.text)
    DMA1_Stream7_IRQHandler                  0x08002427   Thumb Code     0  startup_stm32f2xx.o(.text)
    DMA2_Stream0_IRQHandler                  0x08002427   Thumb Code     0  startup_stm32f2xx.o(.text)
    DMA2_Stream1_IRQHandler                  0x08002427   Thumb Code     0  startup_stm32f2xx.o(.text)
    DMA2_Stream2_IRQHandler                  0x08002427   Thumb Code     0  startup_stm32f2xx.o(.text)
    DMA2_Stream3_IRQHandler                  0x08002427   Thumb Code     0  startup_stm32f2xx.o(.text)
    DMA2_Stream4_IRQHandler                  0x08002427   Thumb Code     0  startup_stm32f2xx.o(.text)
    DMA2_Stream5_IRQHandler                  0x08002427   Thumb Code     0  startup_stm32f2xx.o(.text)
    DMA2_Stream6_IRQHandler                  0x08002427   Thumb Code     0  startup_stm32f2xx.o(.text)
    DMA2_Stream7_IRQHandler                  0x08002427   Thumb Code     0  startup_stm32f2xx.o(.text)
    ETH_IRQHandler                           0x08002427   Thumb Code     0  startup_stm32f2xx.o(.text)
    ETH_WKUP_IRQHandler                      0x08002427   Thumb Code     0  startup_stm32f2xx.o(.text)
    EXTI0_IRQHandler                         0x08002427   Thumb Code     0  startup_stm32f2xx.o(.text)
    EXTI15_10_IRQHandler                     0x08002427   Thumb Code     0  startup_stm32f2xx.o(.text)
    EXTI1_IRQHandler                         0x08002427   Thumb Code     0  startup_stm32f2xx.o(.text)
    EXTI2_IRQHandler                         0x08002427   Thumb Code     0  startup_stm32f2xx.o(.text)
    EXTI3_IRQHandler                         0x08002427   Thumb Code     0  startup_stm32f2xx.o(.text)
    EXTI4_IRQHandler                         0x08002427   Thumb Code     0  startup_stm32f2xx.o(.text)
    FLASH_IRQHandler                         0x08002427   Thumb Code     0  startup_stm32f2xx.o(.text)
    FSMC_IRQHandler                          0x08002427   Thumb Code     0  startup_stm32f2xx.o(.text)
    HASH_RNG_IRQHandler                      0x08002427   Thumb Code     0  startup_stm32f2xx.o(.text)
    I2C1_ER_IRQHandler                       0x08002427   Thumb Code     0  startup_stm32f2xx.o(.text)
    I2C1_EV_IRQHandler                       0x08002427   Thumb Code     0  startup_stm32f2xx.o(.text)
    I2C2_ER_IRQHandler                       0x08002427   Thumb Code     0  startup_stm32f2xx.o(.text)
    I2C2_EV_IRQHandler                       0x08002427   Thumb Code     0  startup_stm32f2xx.o(.text)
    I2C3_ER_IRQHandler                       0x08002427   Thumb Code     0  startup_stm32f2xx.o(.text)
    I2C3_EV_IRQHandler                       0x08002427   Thumb Code     0  startup_stm32f2xx.o(.text)
    OTG_FS_IRQHandler                        0x08002427   Thumb Code     0  startup_stm32f2xx.o(.text)
    OTG_FS_WKUP_IRQHandler                   0x08002427   Thumb Code     0  startup_stm32f2xx.o(.text)
    OTG_HS_EP1_IN_IRQHandler                 0x08002427   Thumb Code     0  startup_stm32f2xx.o(.text)
    OTG_HS_EP1_OUT_IRQHandler                0x08002427   Thumb Code     0  startup_stm32f2xx.o(.text)
    OTG_HS_IRQHandler                        0x08002427   Thumb Code     0  startup_stm32f2xx.o(.text)
    OTG_HS_WKUP_IRQHandler                   0x08002427   Thumb Code     0  startup_stm32f2xx.o(.text)
    PVD_IRQHandler                           0x08002427   Thumb Code     0  startup_stm32f2xx.o(.text)
    RCC_IRQHandler                           0x08002427   Thumb Code     0  startup_stm32f2xx.o(.text)
    RTC_Alarm_IRQHandler                     0x08002427   Thumb Code     0  startup_stm32f2xx.o(.text)
    RTC_WKUP_IRQHandler                      0x08002427   Thumb Code     0  startup_stm32f2xx.o(.text)
    SDIO_IRQHandler                          0x08002427   Thumb Code     0  startup_stm32f2xx.o(.text)
    SPI1_IRQHandler                          0x08002427   Thumb Code     0  startup_stm32f2xx.o(.text)
    SPI2_IRQHandler                          0x08002427   Thumb Code     0  startup_stm32f2xx.o(.text)
    SPI3_IRQHandler                          0x08002427   Thumb Code     0  startup_stm32f2xx.o(.text)
    TAMP_STAMP_IRQHandler                    0x08002427   Thumb Code     0  startup_stm32f2xx.o(.text)
    TIM1_BRK_TIM9_IRQHandler                 0x08002427   Thumb Code     0  startup_stm32f2xx.o(.text)
    TIM1_CC_IRQHandler                       0x08002427   Thumb Code     0  startup_stm32f2xx.o(.text)
    TIM1_TRG_COM_TIM11_IRQHandler            0x08002427   Thumb Code     0  startup_stm32f2xx.o(.text)
    TIM1_UP_TIM10_IRQHandler                 0x08002427   Thumb Code     0  startup_stm32f2xx.o(.text)
    TIM2_IRQHandler                          0x08002427   Thumb Code     0  startup_stm32f2xx.o(.text)
    TIM3_IRQHandler                          0x08002427   Thumb Code     0  startup_stm32f2xx.o(.text)
    TIM4_IRQHandler                          0x08002427   Thumb Code     0  startup_stm32f2xx.o(.text)
    TIM5_IRQHandler                          0x08002427   Thumb Code     0  startup_stm32f2xx.o(.text)
    TIM6_DAC_IRQHandler                      0x08002427   Thumb Code     0  startup_stm32f2xx.o(.text)
    TIM7_IRQHandler                          0x08002427   Thumb Code     0  startup_stm32f2xx.o(.text)
    TIM8_BRK_TIM12_IRQHandler                0x08002427   Thumb Code     0  startup_stm32f2xx.o(.text)
    TIM8_CC_IRQHandler                       0x08002427   Thumb Code     0  startup_stm32f2xx.o(.text)
    TIM8_TRG_COM_TIM14_IRQHandler            0x08002427   Thumb Code     0  startup_stm32f2xx.o(.text)
    TIM8_UP_TIM13_IRQHandler                 0x08002427   Thumb Code     0  startup_stm32f2xx.o(.text)
    UART4_IRQHandler                         0x08002427   Thumb Code     0  startup_stm32f2xx.o(.text)
    UART5_IRQHandler                         0x08002427   Thumb Code     0  startup_stm32f2xx.o(.text)
    USART2_IRQHandler                        0x08002427   Thumb Code     0  startup_stm32f2xx.o(.text)
    USART3_IRQHandler                        0x08002427   Thumb Code     0  startup_stm32f2xx.o(.text)
    USART6_IRQHandler                        0x08002427   Thumb Code     0  startup_stm32f2xx.o(.text)
    WWDG_IRQHandler                          0x08002427   Thumb Code     0  startup_stm32f2xx.o(.text)
    __user_initial_stackheap                 0x08002429   Thumb Code     0  startup_stm32f2xx.o(.text)
    EXTI_DeInit                              0x0800244d   Thumb Code    30  stm32f2xx_exti.o(.text)
    EXTI_Init                                0x0800246b   Thumb Code   160  stm32f2xx_exti.o(.text)
    EXTI_StructInit                          0x0800250b   Thumb Code    16  stm32f2xx_exti.o(.text)
    EXTI_GenerateSWInterrupt                 0x0800251b   Thumb Code    16  stm32f2xx_exti.o(.text)
    EXTI_GetFlagStatus                       0x0800252b   Thumb Code    20  stm32f2xx_exti.o(.text)
    EXTI_ClearFlag                           0x0800253f   Thumb Code     6  stm32f2xx_exti.o(.text)
    EXTI_GetITStatus                         0x08002545   Thumb Code    34  stm32f2xx_exti.o(.text)
    EXTI_ClearITPendingBit                   0x08002567   Thumb Code     6  stm32f2xx_exti.o(.text)
    GPIO_DeInit                              0x08002589   Thumb Code   220  stm32f2xx_gpio.o(.text)
    GPIO_Init                                0x08002665   Thumb Code   144  stm32f2xx_gpio.o(.text)
    GPIO_StructInit                          0x080026f5   Thumb Code    18  stm32f2xx_gpio.o(.text)
    GPIO_PinLockConfig                       0x08002707   Thumb Code    18  stm32f2xx_gpio.o(.text)
    GPIO_ReadInputDataBit                    0x08002719   Thumb Code    18  stm32f2xx_gpio.o(.text)
    GPIO_ReadInputData                       0x0800272b   Thumb Code     8  stm32f2xx_gpio.o(.text)
    GPIO_ReadOutputDataBit                   0x08002733   Thumb Code    18  stm32f2xx_gpio.o(.text)
    GPIO_ReadOutputData                      0x08002745   Thumb Code     8  stm32f2xx_gpio.o(.text)
    GPIO_SetBits                             0x0800274d   Thumb Code     4  stm32f2xx_gpio.o(.text)
    GPIO_ResetBits                           0x08002751   Thumb Code     4  stm32f2xx_gpio.o(.text)
    GPIO_WriteBit                            0x08002755   Thumb Code    10  stm32f2xx_gpio.o(.text)
    GPIO_Write                               0x0800275f   Thumb Code     4  stm32f2xx_gpio.o(.text)
    GPIO_ToggleBits                          0x08002763   Thumb Code     8  stm32f2xx_gpio.o(.text)
    GPIO_PinAFConfig                         0x0800276b   Thumb Code    70  stm32f2xx_gpio.o(.text)
    RCC_DeInit                               0x080027d5   Thumb Code    68  stm32f2xx_rcc.o(.text)
    RCC_HSEConfig                            0x08002819   Thumb Code    14  stm32f2xx_rcc.o(.text)
    RCC_GetFlagStatus                        0x08002827   Thumb Code    56  stm32f2xx_rcc.o(.text)
    RCC_WaitForHSEStartUp                    0x0800285f   Thumb Code    48  stm32f2xx_rcc.o(.text)
    RCC_AdjustHSICalibrationValue            0x0800288f   Thumb Code    24  stm32f2xx_rcc.o(.text)
    RCC_HSICmd                               0x080028a7   Thumb Code     6  stm32f2xx_rcc.o(.text)
    RCC_LSEConfig                            0x080028ad   Thumb Code    44  stm32f2xx_rcc.o(.text)
    RCC_LSICmd                               0x080028d9   Thumb Code     6  stm32f2xx_rcc.o(.text)
    RCC_PLLConfig                            0x080028df   Thumb Code    30  stm32f2xx_rcc.o(.text)
    RCC_PLLCmd                               0x080028fd   Thumb Code     6  stm32f2xx_rcc.o(.text)
    RCC_PLLI2SConfig                         0x08002903   Thumb Code    12  stm32f2xx_rcc.o(.text)
    RCC_PLLI2SCmd                            0x0800290f   Thumb Code     6  stm32f2xx_rcc.o(.text)
    RCC_ClockSecuritySystemCmd               0x08002915   Thumb Code     6  stm32f2xx_rcc.o(.text)
    RCC_MCO1Config                           0x0800291b   Thumb Code    28  stm32f2xx_rcc.o(.text)
    RCC_MCO2Config                           0x08002937   Thumb Code    28  stm32f2xx_rcc.o(.text)
    RCC_SYSCLKConfig                         0x08002953   Thumb Code    24  stm32f2xx_rcc.o(.text)
    RCC_GetSYSCLKSource                      0x0800296b   Thumb Code    10  stm32f2xx_rcc.o(.text)
    RCC_HCLKConfig                           0x08002975   Thumb Code    24  stm32f2xx_rcc.o(.text)
    RCC_PCLK1Config                          0x0800298d   Thumb Code    24  stm32f2xx_rcc.o(.text)
    RCC_PCLK2Config                          0x080029a5   Thumb Code    24  stm32f2xx_rcc.o(.text)
    RCC_GetClocksFreq                        0x080029bd   Thumb Code   220  stm32f2xx_rcc.o(.text)
    RCC_RTCCLKConfig                         0x08002a99   Thumb Code    56  stm32f2xx_rcc.o(.text)
    RCC_RTCCLKCmd                            0x08002ad1   Thumb Code     6  stm32f2xx_rcc.o(.text)
    RCC_BackupResetCmd                       0x08002ad7   Thumb Code     6  stm32f2xx_rcc.o(.text)
    RCC_I2SCLKConfig                         0x08002add   Thumb Code     6  stm32f2xx_rcc.o(.text)
    RCC_AHB1PeriphClockCmd                   0x08002ae3   Thumb Code    34  stm32f2xx_rcc.o(.text)
    RCC_AHB2PeriphClockCmd                   0x08002b05   Thumb Code    34  stm32f2xx_rcc.o(.text)
    RCC_AHB3PeriphClockCmd                   0x08002b27   Thumb Code    34  stm32f2xx_rcc.o(.text)
    RCC_APB1PeriphClockCmd                   0x08002b49   Thumb Code    34  stm32f2xx_rcc.o(.text)
    RCC_APB2PeriphClockCmd                   0x08002b6b   Thumb Code    34  stm32f2xx_rcc.o(.text)
    RCC_AHB1PeriphResetCmd                   0x08002b8d   Thumb Code    34  stm32f2xx_rcc.o(.text)
    RCC_AHB2PeriphResetCmd                   0x08002baf   Thumb Code   144  stm32f2xx_rcc.o(.text)
    RCC_AHB3PeriphResetCmd                   0x08002c3f   Thumb Code    34  stm32f2xx_rcc.o(.text)
    RCC_APB1PeriphResetCmd                   0x08002c61   Thumb Code    34  stm32f2xx_rcc.o(.text)
    RCC_APB2PeriphResetCmd                   0x08002c83   Thumb Code    34  stm32f2xx_rcc.o(.text)
    RCC_AHB1PeriphClockLPModeCmd             0x08002ca5   Thumb Code    34  stm32f2xx_rcc.o(.text)
    RCC_AHB2PeriphClockLPModeCmd             0x08002cc7   Thumb Code    34  stm32f2xx_rcc.o(.text)
    RCC_AHB3PeriphClockLPModeCmd             0x08002ce9   Thumb Code    34  stm32f2xx_rcc.o(.text)
    RCC_APB1PeriphClockLPModeCmd             0x08002d0b   Thumb Code    34  stm32f2xx_rcc.o(.text)
    RCC_APB2PeriphClockLPModeCmd             0x08002d2d   Thumb Code    34  stm32f2xx_rcc.o(.text)
    RCC_ITConfig                             0x08002d4f   Thumb Code    40  stm32f2xx_rcc.o(.text)
    RCC_ClearFlag                            0x08002d77   Thumb Code    16  stm32f2xx_rcc.o(.text)
    RCC_GetITStatus                          0x08002d87   Thumb Code    20  stm32f2xx_rcc.o(.text)
    RCC_ClearITPendingBit                    0x08002d9b   Thumb Code     6  stm32f2xx_rcc.o(.text)
    USART_DeInit                             0x08002dd9   Thumb Code   156  stm32f2xx_usart.o(.text)
    USART_Init                               0x08002e75   Thumb Code   204  stm32f2xx_usart.o(.text)
    USART_StructInit                         0x08002f41   Thumb Code    24  stm32f2xx_usart.o(.text)
    USART_ClockInit                          0x08002f59   Thumb Code    32  stm32f2xx_usart.o(.text)
    USART_ClockStructInit                    0x08002f79   Thumb Code    12  stm32f2xx_usart.o(.text)
    USART_Cmd                                0x08002f85   Thumb Code    24  stm32f2xx_usart.o(.text)
    USART_SetPrescaler                       0x08002f9d   Thumb Code    16  stm32f2xx_usart.o(.text)
    USART_OverSampling8Cmd                   0x08002fad   Thumb Code    22  stm32f2xx_usart.o(.text)
    USART_OneBitMethodCmd                    0x08002fc3   Thumb Code    24  stm32f2xx_usart.o(.text)
    USART_SendData                           0x08002fdb   Thumb Code     8  stm32f2xx_usart.o(.text)
    USART_ReceiveData                        0x08002fe3   Thumb Code    10  stm32f2xx_usart.o(.text)
    USART_SetAddress                         0x08002fed   Thumb Code    18  stm32f2xx_usart.o(.text)
    USART_ReceiverWakeUpCmd                  0x08002fff   Thumb Code    24  stm32f2xx_usart.o(.text)
    USART_WakeUpConfig                       0x08003017   Thumb Code    18  stm32f2xx_usart.o(.text)
    USART_LINBreakDetectLengthConfig         0x08003029   Thumb Code    18  stm32f2xx_usart.o(.text)
    USART_LINCmd                             0x0800303b   Thumb Code    24  stm32f2xx_usart.o(.text)
    USART_SendBreak                          0x08003053   Thumb Code    10  stm32f2xx_usart.o(.text)
    USART_HalfDuplexCmd                      0x0800305d   Thumb Code    24  stm32f2xx_usart.o(.text)
    USART_SetGuardTime                       0x08003075   Thumb Code    16  stm32f2xx_usart.o(.text)
    USART_SmartCardCmd                       0x08003085   Thumb Code    24  stm32f2xx_usart.o(.text)
    USART_SmartCardNACKCmd                   0x0800309d   Thumb Code    24  stm32f2xx_usart.o(.text)
    USART_IrDAConfig                         0x080030b5   Thumb Code    18  stm32f2xx_usart.o(.text)
    USART_IrDACmd                            0x080030c7   Thumb Code    24  stm32f2xx_usart.o(.text)
    USART_DMACmd                             0x080030df   Thumb Code    24  stm32f2xx_usart.o(.text)
    USART_ITConfig                           0x080030f7   Thumb Code    74  stm32f2xx_usart.o(.text)
    USART_GetFlagStatus                      0x08003141   Thumb Code    26  stm32f2xx_usart.o(.text)
    USART_ClearFlag                          0x0800315b   Thumb Code    18  stm32f2xx_usart.o(.text)
    USART_GetITStatus                        0x0800316d   Thumb Code   108  stm32f2xx_usart.o(.text)
    USART_ClearITPendingBit                  0x080031d9   Thumb Code    30  stm32f2xx_usart.o(.text)
    NVIC_PriorityGroupConfig                 0x080031f9   Thumb Code    10  misc.o(.text)
    NVIC_Init                                0x08003203   Thumb Code   128  misc.o(.text)
    NVIC_SetVectorTable                      0x08003283   Thumb Code    12  misc.o(.text)
    NVIC_SystemLPConfig                      0x0800328f   Thumb Code    38  misc.o(.text)
    SysTick_CLKSourceConfig                  0x080032b5   Thumb Code    40  misc.o(.text)
    FLASH_SetLatency                         0x080032f9   Thumb Code     6  stm32f2xx_flash.o(.text)
    FLASH_PrefetchBufferCmd                  0x080032ff   Thumb Code    34  stm32f2xx_flash.o(.text)
    FLASH_InstructionCacheCmd                0x08003321   Thumb Code    34  stm32f2xx_flash.o(.text)
    FLASH_DataCacheCmd                       0x08003343   Thumb Code    34  stm32f2xx_flash.o(.text)
    FLASH_InstructionCacheReset              0x08003365   Thumb Code    16  stm32f2xx_flash.o(.text)
    FLASH_DataCacheReset                     0x08003375   Thumb Code    16  stm32f2xx_flash.o(.text)
    FLASH_Unlock                             0x08003385   Thumb Code    26  stm32f2xx_flash.o(.text)
    FLASH_Lock                               0x0800339f   Thumb Code    16  stm32f2xx_flash.o(.text)
    FLASH_GetStatus                          0x080033af   Thumb Code    66  stm32f2xx_flash.o(.text)
    FLASH_WaitForLastOperation               0x080033f1   Thumb Code    26  stm32f2xx_flash.o(.text)
    FLASH_EraseSector                        0x0800340b   Thumb Code   158  stm32f2xx_flash.o(.text)
    FLASH_EraseAllSectors                    0x080034a9   Thumb Code   124  stm32f2xx_flash.o(.text)
    FLASH_ProgramDoubleWord                  0x08003525   Thumb Code    94  stm32f2xx_flash.o(.text)
    FLASH_ProgramWord                        0x08003583   Thumb Code    88  stm32f2xx_flash.o(.text)
    FLASH_ProgramHalfWord                    0x080035db   Thumb Code    88  stm32f2xx_flash.o(.text)
    FLASH_ProgramByte                        0x08003633   Thumb Code    82  stm32f2xx_flash.o(.text)
    FLASH_OB_Unlock                          0x08003685   Thumb Code    26  stm32f2xx_flash.o(.text)
    FLASH_OB_Lock                            0x0800369f   Thumb Code    16  stm32f2xx_flash.o(.text)
    FLASH_OB_WRPConfig                       0x080036af   Thumb Code   102  stm32f2xx_flash.o(.text)
    FLASH_OB_RDPConfig                       0x08003715   Thumb Code    22  stm32f2xx_flash.o(.text)
    FLASH_OB_UserConfig                      0x0800372b   Thumb Code    50  stm32f2xx_flash.o(.text)
    FLASH_OB_BORConfig                       0x0800375d   Thumb Code    30  stm32f2xx_flash.o(.text)
    FLASH_OB_Launch                          0x0800377b   Thumb Code    28  stm32f2xx_flash.o(.text)
    FLASH_OB_GetUser                         0x08003797   Thumb Code    10  stm32f2xx_flash.o(.text)
    FLASH_OB_GetWRP                          0x080037a1   Thumb Code     6  stm32f2xx_flash.o(.text)
    FLASH_OB_GetRDP                          0x080037a7   Thumb Code    18  stm32f2xx_flash.o(.text)
    FLASH_OB_GetBOR                          0x080037b9   Thumb Code    10  stm32f2xx_flash.o(.text)
    FLASH_ITConfig                           0x080037c3   Thumb Code    34  stm32f2xx_flash.o(.text)
    FLASH_GetFlagStatus                      0x080037e5   Thumb Code    20  stm32f2xx_flash.o(.text)
    FLASH_ClearFlag                          0x080037f9   Thumb Code     6  stm32f2xx_flash.o(.text)
    SYSCFG_DeInit                            0x08003819   Thumb Code    22  stm32f2xx_syscfg.o(.text)
    SYSCFG_MemoryRemapConfig                 0x0800382f   Thumb Code     6  stm32f2xx_syscfg.o(.text)
    SYSCFG_EXTILineConfig                    0x08003835   Thumb Code    66  stm32f2xx_syscfg.o(.text)
    SYSCFG_ETH_MediaInterfaceConfig          0x08003877   Thumb Code     6  stm32f2xx_syscfg.o(.text)
    SYSCFG_CompensationCellCmd               0x0800387d   Thumb Code     6  stm32f2xx_syscfg.o(.text)
    SYSCFG_GetCompensationCellStatus         0x08003883   Thumb Code    20  stm32f2xx_syscfg.o(.text)
    TIM_DeInit                               0x080038a9   Thumb Code   346  stm32f2xx_tim.o(.text)
    TIM_TimeBaseInit                         0x08003a03   Thumb Code   104  stm32f2xx_tim.o(.text)
    TIM_TimeBaseStructInit                   0x08003a6b   Thumb Code    18  stm32f2xx_tim.o(.text)
    TIM_PrescalerConfig                      0x08003a7d   Thumb Code     6  stm32f2xx_tim.o(.text)
    TIM_CounterModeConfig                    0x08003a83   Thumb Code    18  stm32f2xx_tim.o(.text)
    TIM_SetCounter                           0x08003a95   Thumb Code     4  stm32f2xx_tim.o(.text)
    TIM_SetAutoreload                        0x08003a99   Thumb Code     4  stm32f2xx_tim.o(.text)
    TIM_GetCounter                           0x08003a9d   Thumb Code     6  stm32f2xx_tim.o(.text)
    TIM_GetPrescaler                         0x08003aa3   Thumb Code     6  stm32f2xx_tim.o(.text)
    TIM_UpdateDisableConfig                  0x08003aa9   Thumb Code    24  stm32f2xx_tim.o(.text)
    TIM_UpdateRequestConfig                  0x08003ac1   Thumb Code    24  stm32f2xx_tim.o(.text)
    TIM_ARRPreloadConfig                     0x08003ad9   Thumb Code    24  stm32f2xx_tim.o(.text)
    TIM_SelectOnePulseMode                   0x08003af1   Thumb Code    18  stm32f2xx_tim.o(.text)
    TIM_SetClockDivision                     0x08003b03   Thumb Code    18  stm32f2xx_tim.o(.text)
    TIM_Cmd                                  0x08003b15   Thumb Code    24  stm32f2xx_tim.o(.text)
    TIM_OC1Init                              0x08003b2d   Thumb Code   114  stm32f2xx_tim.o(.text)
    TIM_OC2Init                              0x08003b9f   Thumb Code   146  stm32f2xx_tim.o(.text)
    TIM_OC3Init                              0x08003c31   Thumb Code   196  stm32f2xx_tim.o(.text)
    TIM_OC4Init                              0x08003cf5   Thumb Code   104  stm32f2xx_tim.o(.text)
    TIM_OCStructInit                         0x08003d5d   Thumb Code    20  stm32f2xx_tim.o(.text)
    TIM_SelectOCxM                           0x08003d71   Thumb Code    86  stm32f2xx_tim.o(.text)
    TIM_SetCompare1                          0x08003dc7   Thumb Code     4  stm32f2xx_tim.o(.text)
    TIM_SetCompare2                          0x08003dcb   Thumb Code     4  stm32f2xx_tim.o(.text)
    TIM_SetCompare3                          0x08003dcf   Thumb Code     4  stm32f2xx_tim.o(.text)
    TIM_SetCompare4                          0x08003dd3   Thumb Code     4  stm32f2xx_tim.o(.text)
    TIM_ForcedOC1Config                      0x08003dd7   Thumb Code    18  stm32f2xx_tim.o(.text)
    TIM_ForcedOC2Config                      0x08003de9   Thumb Code    22  stm32f2xx_tim.o(.text)
    TIM_ForcedOC3Config                      0x08003dff   Thumb Code    18  stm32f2xx_tim.o(.text)
    TIM_ForcedOC4Config                      0x08003e11   Thumb Code    22  stm32f2xx_tim.o(.text)
    TIM_OC1PreloadConfig                     0x08003e27   Thumb Code    18  stm32f2xx_tim.o(.text)
    TIM_OC2PreloadConfig                     0x08003e39   Thumb Code    22  stm32f2xx_tim.o(.text)
    TIM_OC3PreloadConfig                     0x08003e4f   Thumb Code    18  stm32f2xx_tim.o(.text)
    TIM_OC4PreloadConfig                     0x08003e61   Thumb Code    22  stm32f2xx_tim.o(.text)
    TIM_OC1FastConfig                        0x08003e77   Thumb Code    18  stm32f2xx_tim.o(.text)
    TIM_OC2FastConfig                        0x08003e89   Thumb Code    22  stm32f2xx_tim.o(.text)
    TIM_OC3FastConfig                        0x08003e9f   Thumb Code    18  stm32f2xx_tim.o(.text)
    TIM_OC4FastConfig                        0x08003eb1   Thumb Code    22  stm32f2xx_tim.o(.text)
    TIM_ClearOC1Ref                          0x08003ec7   Thumb Code    18  stm32f2xx_tim.o(.text)
    TIM_ClearOC2Ref                          0x08003ed9   Thumb Code    20  stm32f2xx_tim.o(.text)
    TIM_ClearOC3Ref                          0x08003eed   Thumb Code    18  stm32f2xx_tim.o(.text)
    TIM_ClearOC4Ref                          0x08003eff   Thumb Code    20  stm32f2xx_tim.o(.text)
    TIM_OC1PolarityConfig                    0x08003f13   Thumb Code    18  stm32f2xx_tim.o(.text)
    TIM_OC1NPolarityConfig                   0x08003f25   Thumb Code    18  stm32f2xx_tim.o(.text)
    TIM_OC2PolarityConfig                    0x08003f37   Thumb Code    22  stm32f2xx_tim.o(.text)
    TIM_OC2NPolarityConfig                   0x08003f4d   Thumb Code    22  stm32f2xx_tim.o(.text)
    TIM_OC3PolarityConfig                    0x08003f63   Thumb Code    22  stm32f2xx_tim.o(.text)
    TIM_OC3NPolarityConfig                   0x08003f79   Thumb Code    22  stm32f2xx_tim.o(.text)
    TIM_OC4PolarityConfig                    0x08003f8f   Thumb Code    22  stm32f2xx_tim.o(.text)
    TIM_CCxCmd                               0x08003fa5   Thumb Code    34  stm32f2xx_tim.o(.text)
    TIM_CCxNCmd                              0x08003fc7   Thumb Code    34  stm32f2xx_tim.o(.text)
    TIM_SetIC4Prescaler                      0x08003fe9   Thumb Code    22  stm32f2xx_tim.o(.text)
    TIM_SetIC3Prescaler                      0x08004043   Thumb Code    18  stm32f2xx_tim.o(.text)
    TIM_SetIC2Prescaler                      0x08004095   Thumb Code    22  stm32f2xx_tim.o(.text)
    TIM_SetIC1Prescaler                      0x080040ef   Thumb Code    18  stm32f2xx_tim.o(.text)
    TIM_ICInit                               0x08004143   Thumb Code   110  stm32f2xx_tim.o(.text)
    TIM_ICStructInit                         0x080041b1   Thumb Code    18  stm32f2xx_tim.o(.text)
    TIM_PWMIConfig                           0x080041c3   Thumb Code   124  stm32f2xx_tim.o(.text)
    TIM_GetCapture1                          0x0800423f   Thumb Code     6  stm32f2xx_tim.o(.text)
    TIM_GetCapture2                          0x08004245   Thumb Code     6  stm32f2xx_tim.o(.text)
    TIM_GetCapture3                          0x0800424b   Thumb Code     6  stm32f2xx_tim.o(.text)
    TIM_GetCapture4                          0x08004251   Thumb Code     6  stm32f2xx_tim.o(.text)
    TIM_BDTRConfig                           0x08004257   Thumb Code    32  stm32f2xx_tim.o(.text)
    TIM_BDTRStructInit                       0x08004277   Thumb Code    18  stm32f2xx_tim.o(.text)
    TIM_CtrlPWMOutputs                       0x08004289   Thumb Code    30  stm32f2xx_tim.o(.text)
    TIM_SelectCOM                            0x080042a7   Thumb Code    24  stm32f2xx_tim.o(.text)
    TIM_CCPreloadControl                     0x080042bf   Thumb Code    24  stm32f2xx_tim.o(.text)
    TIM_ITConfig                             0x080042d7   Thumb Code    24  stm32f2xx_tim.o(.text)
    TIM_GenerateEvent                        0x080042ef   Thumb Code     4  stm32f2xx_tim.o(.text)
    TIM_GetFlagStatus                        0x080042f3   Thumb Code    18  stm32f2xx_tim.o(.text)
    TIM_ClearFlag                            0x08004305   Thumb Code     6  stm32f2xx_tim.o(.text)
    TIM_GetITStatus                          0x0800430b   Thumb Code    34  stm32f2xx_tim.o(.text)
    TIM_ClearITPendingBit                    0x0800432d   Thumb Code     6  stm32f2xx_tim.o(.text)
    TIM_DMAConfig                            0x08004333   Thumb Code    10  stm32f2xx_tim.o(.text)
    TIM_DMACmd                               0x0800433d   Thumb Code    24  stm32f2xx_tim.o(.text)
    TIM_SelectCCDMA                          0x08004355   Thumb Code    24  stm32f2xx_tim.o(.text)
    TIM_InternalClockConfig                  0x0800436d   Thumb Code    12  stm32f2xx_tim.o(.text)
    TIM_SelectInputTrigger                   0x08004379   Thumb Code    18  stm32f2xx_tim.o(.text)
    TIM_ITRxExternalClockConfig              0x0800438b   Thumb Code    24  stm32f2xx_tim.o(.text)
    TIM_TIxExternalClockConfig               0x080043a3   Thumb Code    62  stm32f2xx_tim.o(.text)
    TIM_ETRConfig                            0x080043e1   Thumb Code    24  stm32f2xx_tim.o(.text)
    TIM_ETRClockMode1Config                  0x080043f9   Thumb Code    54  stm32f2xx_tim.o(.text)
    TIM_ETRClockMode2Config                  0x0800442f   Thumb Code    32  stm32f2xx_tim.o(.text)
    TIM_SelectOutputTrigger                  0x0800444f   Thumb Code    18  stm32f2xx_tim.o(.text)
    TIM_SelectSlaveMode                      0x08004461   Thumb Code    18  stm32f2xx_tim.o(.text)
    TIM_SelectMasterSlaveMode                0x08004473   Thumb Code    18  stm32f2xx_tim.o(.text)
    TIM_EncoderInterfaceConfig               0x08004485   Thumb Code    62  stm32f2xx_tim.o(.text)
    TIM_SelectHallSensor                     0x080044c3   Thumb Code    24  stm32f2xx_tim.o(.text)
    TIM_RemapConfig                          0x080044db   Thumb Code     6  stm32f2xx_tim.o(.text)
    SystemInit                               0x0800459b   Thumb Code    86  system_stm32f2xx.o(.text)
    SystemCoreClockUpdate                    0x080045f1   Thumb Code   168  system_stm32f2xx.o(.text)
    __use_no_semihosting                     0x080046cd   Thumb Code     2  use_no_semi_2.o(.text)
    __2printf                                0x080046d1   Thumb Code    20  noretval__2printf.o(.text)
    __2sprintf                               0x080046e9   Thumb Code    34  noretval__2sprintf.o(.text)
    __printf                                 0x08004711   Thumb Code   106  __printf.o(.text)
    _printf_str                              0x0800477b   Thumb Code    82  _printf_str.o(.text)
    _printf_int_dec                          0x080047cd   Thumb Code    98  _printf_dec.o(.text)
    __use_two_region_memory                  0x08004841   Thumb Code     2  heapauxi.o(.text)
    __rt_heap_escrow$2region                 0x08004843   Thumb Code     2  heapauxi.o(.text)
    __rt_heap_expand$2region                 0x08004845   Thumb Code     2  heapauxi.o(.text)
    __I$use$semihosting                      0x08004847   Thumb Code     0  use_no_semi.o(.text)
    __use_no_semihosting_swi                 0x08004847   Thumb Code     2  use_no_semi.o(.text)
    _printf_int_common                       0x08004849   Thumb Code   180  _printf_intcommon.o(.text)
    _printf_char_common                      0x08004907   Thumb Code    32  _printf_char_common.o(.text)
    _sputc                                   0x0800492d   Thumb Code    10  _sputc.o(.text)
    _printf_cs_common                        0x08004937   Thumb Code    20  _printf_char.o(.text)
    _printf_char                             0x0800494b   Thumb Code    16  _printf_char.o(.text)
    _printf_string                           0x0800495b   Thumb Code     8  _printf_char.o(.text)
    _printf_char_file                        0x08004965   Thumb Code    32  _printf_char_file.o(.text)
    __rt_udiv10                              0x08004989   Thumb Code    16  rtudiv10.o(.text)
    ferror                                   0x08004999   Thumb Code     8  ferror.o(.text)
    __user_setup_stackheap                   0x080049a1   Thumb Code    74  sys_stackheap_outer.o(.text)
    exit                                     0x080049eb   Thumb Code    12  exit.o(.text)
    __user_libspace                          0x080049f9   Thumb Code     8  libspace.o(.text)
    __user_perproc_libspace                  0x080049f9   Thumb Code     0  libspace.o(.text)
    __user_perthread_libspace                0x080049f9   Thumb Code     0  libspace.o(.text)
    __rt_fp_status_addr                      0x08004a01   Thumb Code    12  rt_fp_status_addr_intlibspace.o(.text)
    __aeabi_fadd                             0x08004a0d   Thumb Code     0  faddsub_clz.o(x$fpl$fadd)
    _fadd                                    0x08004a0d   Thumb Code   196  faddsub_clz.o(x$fpl$fadd)
    __fpl_fcmp_Inf                           0x08004ad1   Thumb Code    24  fcmpi.o(x$fpl$fcmpinf)
    __aeabi_i2f                              0x08004ae9   Thumb Code     0  fflt_clz.o(x$fpl$fflt)
    _fflt                                    0x08004ae9   Thumb Code    48  fflt_clz.o(x$fpl$fflt)
    __aeabi_cfcmple                          0x08004b19   Thumb Code     0  fleqf.o(x$fpl$fleqf)
    _fcmple                                  0x08004b19   Thumb Code   104  fleqf.o(x$fpl$fleqf)
    __fpl_fcmple_InfNaN                      0x08004b6b   Thumb Code     0  fleqf.o(x$fpl$fleqf)
    __fpl_fnaninf                            0x08004b81   Thumb Code   140  fnaninf.o(x$fpl$fnaninf)
    _fp_init                                 0x08004c0d   Thumb Code    14  fpinit.o(x$fpl$fpinit)
    __fplib_config_pureend_doubles           0x08004c19   Thumb Code     0  fpinit.o(x$fpl$fpinit)
    __fpl_fretinf                            0x08004c1b   Thumb Code    10  fretinf.o(x$fpl$fretinf)
    __aeabi_fsub                             0x08004c25   Thumb Code     0  faddsub_clz.o(x$fpl$fsub)
    _fsub                                    0x08004c25   Thumb Code   234  faddsub_clz.o(x$fpl$fsub)
    __I$use$fp                               0x08004d0f   Thumb Code     0  usenofp.o(x$fpl$usenofp)
    Region$$Table$$Base                      0x080064d0   Number         0  anon$$obj.o(Region$$Table)
    Region$$Table$$Limit                     0x080064f0   Number         0  anon$$obj.o(Region$$Table)
    isPowerOn                                0x20000000   Data           1  main.o(.data)
    __stdout                                 0x20000008   Data           4  usart.o(.data)
    PulseTab                                 0x2000000c   Data        1000  ir.o(.data)
    isStudy                                  0x200003f4   Data           1  ir.o(.data)
    dataLen                                  0x200003f6   Data           2  ir.o(.data)
    SystemCoreClock                          0x20000408   Data           4  system_stm32f2xx.o(.data)
    AHBPrescTable                            0x2000040c   Data          16  system_stm32f2xx.o(.data)
    LCD_GRAM                                 0x2000041c   Data         512  lcd12832.o(.bss)
    irDatas                                  0x2000061c   Data       13000  ir.o(.bss)
    __libspace_start                         0x200038e4   Data          96  libspace.o(.bss)
    __temporary_stack_top$libspace           0x20003944   Data           0  libspace.o(.bss)



==============================================================================

Memory Map of the image

  Image Entry point : 0x08000185

  Load Region LR_IROM1 (Base: 0x08000000, Size: 0x0000690c, Max: 0x00080000, ABSOLUTE, COMPRESSED[0x00006578])

    Execution Region ER_IROM1 (Base: 0x08000000, Size: 0x000064f0, Max: 0x00080000, ABSOLUTE)

    Base Addr    Size         Type   Attr      Idx    E Section Name        Object

    0x08000000   0x00000184   Data   RO          340    RESET               startup_stm32f2xx.o
    0x08000184   0x00000008   Code   RO          790  * !!!main             c_w.l(__main.o)(c_w.l)
    0x0800018c   0x00000034   Code   RO         1014    !!!scatter          c_w.l(__scatter.o)(c_w.l)
    0x080001c0   0x0000005a   Code   RO         1012    !!dczerorl2         c_w.l(__dczerorl2.o)(c_w.l)
    0x0800021a   0x00000002   PAD
    0x0800021c   0x0000001c   Code   RO         1016    !!handler_zi        c_w.l(__scatter_zi.o)(c_w.l)
    0x08000238   0x00000000   Code   RO          787    .ARM.Collect$$_printf_percent$$00000000  c_w.l(_printf_percent.o)(c_w.l)
    0x08000238   0x00000006   Code   RO          786    .ARM.Collect$$_printf_percent$$00000009  c_w.l(_printf_d.o)(c_w.l)
    0x0800023e   0x00000006   Code   RO          784    .ARM.Collect$$_printf_percent$$00000013  c_w.l(_printf_c.o)(c_w.l)
    0x08000244   0x00000006   Code   RO          785    .ARM.Collect$$_printf_percent$$00000014  c_w.l(_printf_s.o)(c_w.l)
    0x0800024a   0x00000004   Code   RO          838    .ARM.Collect$$_printf_percent$$00000017  c_w.l(_printf_percent_end.o)(c_w.l)
    0x0800024e   0x00000006   Code   RO          886    .ARM.Collect$$libinit$$00000000  c_w.l(libinit.o)(c_w.l)
    0x08000254   0x00000000   Code   RO          894    .ARM.Collect$$libinit$$00000006  c_w.l(libinit2.o)(c_w.l)
    0x08000254   0x00000000   Code   RO          896    .ARM.Collect$$libinit$$00000008  c_w.l(libinit2.o)(c_w.l)
    0x08000254   0x00000000   Code   RO          898    .ARM.Collect$$libinit$$0000000A  c_w.l(libinit2.o)(c_w.l)
    0x08000254   0x00000000   Code   RO          901    .ARM.Collect$$libinit$$0000000D  c_w.l(libinit2.o)(c_w.l)
    0x08000254   0x00000000   Code   RO          903    .ARM.Collect$$libinit$$0000000F  c_w.l(libinit2.o)(c_w.l)
    0x08000254   0x00000000   Code   RO          905    .ARM.Collect$$libinit$$00000011  c_w.l(libinit2.o)(c_w.l)
    0x08000254   0x00000000   Code   RO          907    .ARM.Collect$$libinit$$00000013  c_w.l(libinit2.o)(c_w.l)
    0x08000254   0x00000000   Code   RO          909    .ARM.Collect$$libinit$$00000015  c_w.l(libinit2.o)(c_w.l)
    0x08000254   0x00000000   Code   RO          911    .ARM.Collect$$libinit$$00000017  c_w.l(libinit2.o)(c_w.l)
    0x08000254   0x00000000   Code   RO          913    .ARM.Collect$$libinit$$00000019  c_w.l(libinit2.o)(c_w.l)
    0x08000254   0x00000000   Code   RO          915    .ARM.Collect$$libinit$$0000001B  c_w.l(libinit2.o)(c_w.l)
    0x08000254   0x00000000   Code   RO          917    .ARM.Collect$$libinit$$0000001D  c_w.l(libinit2.o)(c_w.l)
    0x08000254   0x00000000   Code   RO          919    .ARM.Collect$$libinit$$0000001F  c_w.l(libinit2.o)(c_w.l)
    0x08000254   0x00000000   Code   RO          921    .ARM.Collect$$libinit$$00000021  c_w.l(libinit2.o)(c_w.l)
    0x08000254   0x00000000   Code   RO          925    .ARM.Collect$$libinit$$00000028  c_w.l(libinit2.o)(c_w.l)
    0x08000254   0x00000000   Code   RO          927    .ARM.Collect$$libinit$$0000002A  c_w.l(libinit2.o)(c_w.l)
    0x08000254   0x00000000   Code   RO          929    .ARM.Collect$$libinit$$0000002C  c_w.l(libinit2.o)(c_w.l)
    0x08000254   0x00000000   Code   RO          931    .ARM.Collect$$libinit$$0000002E  c_w.l(libinit2.o)(c_w.l)
    0x08000254   0x00000002   Code   RO          932    .ARM.Collect$$libinit$$0000002F  c_w.l(libinit2.o)(c_w.l)
    0x08000256   0x00000002   Code   RO          956    .ARM.Collect$$libshutdown$$00000000  c_w.l(libshutdown.o)(c_w.l)
    0x08000258   0x00000000   Code   RO          967    .ARM.Collect$$libshutdown$$00000003  c_w.l(libshutdown2.o)(c_w.l)
    0x08000258   0x00000000   Code   RO          970    .ARM.Collect$$libshutdown$$00000006  c_w.l(libshutdown2.o)(c_w.l)
    0x08000258   0x00000000   Code   RO          973    .ARM.Collect$$libshutdown$$00000009  c_w.l(libshutdown2.o)(c_w.l)
    0x08000258   0x00000000   Code   RO          975    .ARM.Collect$$libshutdown$$0000000B  c_w.l(libshutdown2.o)(c_w.l)
    0x08000258   0x00000000   Code   RO          978    .ARM.Collect$$libshutdown$$0000000E  c_w.l(libshutdown2.o)(c_w.l)
    0x08000258   0x00000002   Code   RO          979    .ARM.Collect$$libshutdown$$0000000F  c_w.l(libshutdown2.o)(c_w.l)
    0x0800025a   0x00000000   Code   RO          826    .ARM.Collect$$rtentry$$00000000  c_w.l(rtentry.o)(c_w.l)
    0x0800025a   0x00000000   Code   RO          853    .ARM.Collect$$rtentry$$00000002  c_w.l(rtentry2.o)(c_w.l)
    0x0800025a   0x00000006   Code   RO          868    .ARM.Collect$$rtentry$$00000004  c_w.l(rtentry4.o)(c_w.l)
    0x08000260   0x00000000   Code   RO          855    .ARM.Collect$$rtentry$$00000009  c_w.l(rtentry2.o)(c_w.l)
    0x08000260   0x00000004   Code   RO          856    .ARM.Collect$$rtentry$$0000000A  c_w.l(rtentry2.o)(c_w.l)
    0x08000264   0x00000000   Code   RO          858    .ARM.Collect$$rtentry$$0000000C  c_w.l(rtentry2.o)(c_w.l)
    0x08000264   0x00000008   Code   RO          859    .ARM.Collect$$rtentry$$0000000D  c_w.l(rtentry2.o)(c_w.l)
    0x0800026c   0x00000002   Code   RO          890    .ARM.Collect$$rtexit$$00000000  c_w.l(rtexit.o)(c_w.l)
    0x0800026e   0x00000000   Code   RO          936    .ARM.Collect$$rtexit$$00000002  c_w.l(rtexit2.o)(c_w.l)
    0x0800026e   0x00000004   Code   RO          937    .ARM.Collect$$rtexit$$00000003  c_w.l(rtexit2.o)(c_w.l)
    0x08000272   0x00000006   Code   RO          938    .ARM.Collect$$rtexit$$00000004  c_w.l(rtexit2.o)(c_w.l)
    0x08000278   0x00000a9c   Code   RO            1    .text               main.o
    0x08000d14   0x00000078   Code   RO          138    .text               stm32f2xx_it.o
    0x08000d8c   0x0000009a   Code   RO          171    .text               stm32f10x_systick.o
    0x08000e26   0x00000002   PAD
    0x08000e28   0x000000e4   Code   RO          186    .text               systick.o
    0x08000f0c   0x000001a4   Code   RO          203    .text               io.o
    0x080010b0   0x000001e0   Code   RO          215    .text               key.o
    0x08001290   0x000000fc   Code   RO          239    .text               usart.o
    0x0800138c   0x00000920   Code   RO          273    .text               lcd12832.o
    0x08001cac   0x000001b0   Code   RO          310    .text               fmc.o
    0x08001e5c   0x000005b0   Code   RO          322    .text               ir.o
    0x0800240c   0x00000040   Code   RO          341    .text               startup_stm32f2xx.o
    0x0800244c   0x0000013c   Code   RO          346    .text               stm32f2xx_exti.o
    0x08002588   0x0000024c   Code   RO          358    .text               stm32f2xx_gpio.o
    0x080027d4   0x00000604   Code   RO          370    .text               stm32f2xx_rcc.o
    0x08002dd8   0x0000041e   Code   RO          396    .text               stm32f2xx_usart.o
    0x080031f6   0x00000002   PAD
    0x080031f8   0x00000100   Code   RO          408    .text               misc.o
    0x080032f8   0x00000520   Code   RO          552    .text               stm32f2xx_flash.o
    0x08003818   0x00000090   Code   RO          684    .text               stm32f2xx_syscfg.o
    0x080038a8   0x00000c38   Code   RO          696    .text               stm32f2xx_tim.o
    0x080044e0   0x000001ec   Code   RO          730    .text               system_stm32f2xx.o
    0x080046cc   0x00000002   Code   RO          750    .text               c_w.l(use_no_semi_2.o)(c_w.l)
    0x080046ce   0x00000002   PAD
    0x080046d0   0x00000018   Code   RO          756    .text               c_w.l(noretval__2printf.o)(c_w.l)
    0x080046e8   0x00000028   Code   RO          758    .text               c_w.l(noretval__2sprintf.o)(c_w.l)
    0x08004710   0x0000006a   Code   RO          760    .text               c_w.l(__printf.o)(c_w.l)
    0x0800477a   0x00000052   Code   RO          762    .text               c_w.l(_printf_str.o)(c_w.l)
    0x080047cc   0x00000074   Code   RO          764    .text               c_w.l(_printf_dec.o)(c_w.l)
    0x08004840   0x00000006   Code   RO          788    .text               c_w.l(heapauxi.o)(c_w.l)
    0x08004846   0x00000002   Code   RO          824    .text               c_w.l(use_no_semi.o)(c_w.l)
    0x08004848   0x000000b4   Code   RO          828    .text               c_w.l(_printf_intcommon.o)(c_w.l)
    0x080048fc   0x00000030   Code   RO          830    .text               c_w.l(_printf_char_common.o)(c_w.l)
    0x0800492c   0x0000000a   Code   RO          832    .text               c_w.l(_sputc.o)(c_w.l)
    0x08004936   0x0000002c   Code   RO          834    .text               c_w.l(_printf_char.o)(c_w.l)
    0x08004962   0x00000002   PAD
    0x08004964   0x00000024   Code   RO          836    .text               c_w.l(_printf_char_file.o)(c_w.l)
    0x08004988   0x00000010   Code   RO          839    .text               c_w.l(rtudiv10.o)(c_w.l)
    0x08004998   0x00000008   Code   RO          872    .text               c_w.l(ferror.o)(c_w.l)
    0x080049a0   0x0000004a   Code   RO          876    .text               c_w.l(sys_stackheap_outer.o)(c_w.l)
    0x080049ea   0x0000000c   Code   RO          878    .text               c_w.l(exit.o)(c_w.l)
    0x080049f6   0x00000002   PAD
    0x080049f8   0x00000008   Code   RO          887    .text               c_w.l(libspace.o)(c_w.l)
    0x08004a00   0x0000000c   Code   RO          946    .text               c_w.l(rt_fp_status_addr_intlibspace.o)(c_w.l)
    0x08004a0c   0x000000c4   Code   RO          810    x$fpl$fadd          fz_ws.l(faddsub_clz.o)(fz_ws.l)
    0x08004ad0   0x00000018   Code   RO          845    x$fpl$fcmpinf       fz_ws.l(fcmpi.o)(fz_ws.l)
    0x08004ae8   0x00000030   Code   RO          817    x$fpl$fflt          fz_ws.l(fflt_clz.o)(fz_ws.l)
    0x08004b18   0x00000068   Code   RO          822    x$fpl$fleqf         fz_ws.l(fleqf.o)(fz_ws.l)
    0x08004b80   0x0000008c   Code   RO          847    x$fpl$fnaninf       fz_ws.l(fnaninf.o)(fz_ws.l)
    0x08004c0c   0x0000000e   Code   RO          933    x$fpl$fpinit        fz_ws.l(fpinit.o)(fz_ws.l)
    0x08004c1a   0x0000000a   Code   RO          849    x$fpl$fretinf       fz_ws.l(fretinf.o)(fz_ws.l)
    0x08004c24   0x000000ea   Code   RO          812    x$fpl$fsub          fz_ws.l(faddsub_clz.o)(fz_ws.l)
    0x08004d0e   0x00000000   Code   RO          851    x$fpl$usenofp       fz_ws.l(usenofp.o)(fz_ws.l)
    0x08004d0e   0x000017c0   Data   RO          275    .constdata          lcd12832.o
    0x080064ce   0x00000002   PAD
    0x080064d0   0x00000020   Data   RO         1010    Region$$Table       anon$$obj.o


    Execution Region RW_IRAM1 (Base: 0x20000000, Size: 0x00003f48, Max: 0x00020000, ABSOLUTE, COMPRESSED[0x00000088])

    Base Addr    Size         Type   Attr      Idx    E Section Name        Object

    0x20000000   0x00000001   Data   RW            2    .data               main.o
    0x20000001   0x00000001   PAD
    0x20000002   0x00000005   Data   RW          187    .data               systick.o
    0x20000007   0x00000001   PAD
    0x20000008   0x00000004   Data   RW          240    .data               usart.o
    0x2000000c   0x000003ec   Data   RW          324    .data               ir.o
    0x200003f8   0x00000010   Data   RW          371    .data               stm32f2xx_rcc.o
    0x20000408   0x00000014   Data   RW          731    .data               system_stm32f2xx.o
    0x2000041c   0x00000200   Zero   RW          274    .bss                lcd12832.o
    0x2000061c   0x000032c8   Zero   RW          323    .bss                ir.o
    0x200038e4   0x00000060   Zero   RW          888    .bss                c_w.l(libspace.o)(c_w.l)
    0x20003944   0x00000004   PAD
    0x20003948   0x00000200   Zero   RW          339    HEAP                startup_stm32f2xx.o
    0x20003b48   0x00000400   Zero   RW          338    STACK               startup_stm32f2xx.o


==============================================================================

Image component sizes


      Code (inc. data)   RO Data    RW Data    ZI Data      Debug   Object Name

       432         56          0          0          0          0   fmc.o
       420          8          0          0          0          0   io.o
      1456        172          0       1004      13000          0   ir.o
       480         16          0          0          0          0   key.o
      2336         34       6080          0        512          0   lcd12832.o
      2716        402          0          1          0          0   main.o
       256         28          0          0          0          0   misc.o
        64         26        388          0       1536          0   startup_stm32f2xx.o
       154          0          0          0          0          0   stm32f10x_systick.o
       316         28          0          0          0          0   stm32f2xx_exti.o
      1312         74          0          0          0          0   stm32f2xx_flash.o
       588         36          0          0          0          0   stm32f2xx_gpio.o
       120         62          0          0          0          0   stm32f2xx_it.o
      1540        164          0         16          0          0   stm32f2xx_rcc.o
       144         18          0          0          0          0   stm32f2xx_syscfg.o
      3128         60          0          0          0          0   stm32f2xx_tim.o
      1054         24          0          0          0          0   stm32f2xx_usart.o
       492         52          0         20          0          0   system_stm32f2xx.o
       228         18          0          5          0          0   systick.o
       252          8          0          4          0          0   usart.o

    ----------------------------------------------------------------------
     17492       1286       6502       1052      15048          0   Object Totals
         0          0         32          0          0          0   (incl. Generated)
         4          0          2          2          0          3   (incl. Padding)

    ----------------------------------------------------------------------

      Code (inc. data)   RO Data    RW Data    ZI Data      Debug   Library Member Name

        90          0          0          0          0          0   __dczerorl2.o
         8          0          0          0          0          0   __main.o
       106          0          0          0          0          0   __printf.o
        52          8          0          0          0          0   __scatter.o
        28          0          0          0          0          0   __scatter_zi.o
         6          0          0          0          0          0   _printf_c.o
        44          0          0          0          0          0   _printf_char.o
        48          6          0          0          0          0   _printf_char_common.o
        36          4          0          0          0          0   _printf_char_file.o
         6          0          0          0          0          0   _printf_d.o
       116         18          0          0          0          0   _printf_dec.o
       180          0          0          0          0          0   _printf_intcommon.o
         0          0          0          0          0          0   _printf_percent.o
         4          0          0          0          0          0   _printf_percent_end.o
         6          0          0          0          0          0   _printf_s.o
        82          0          0          0          0          0   _printf_str.o
        10          0          0          0          0          0   _sputc.o
        12          0          0          0          0          0   exit.o
         8          0          0          0          0          0   ferror.o
         6          0          0          0          0          0   heapauxi.o
         6          0          0          0          0          0   libinit.o
         2          0          0          0          0          0   libinit2.o
         2          0          0          0          0          0   libshutdown.o
         2          0          0          0          0          0   libshutdown2.o
         8          4          0          0         96          0   libspace.o
        24          4          0          0          0          0   noretval__2printf.o
        40          6          0          0          0          0   noretval__2sprintf.o
        12          4          0          0          0          0   rt_fp_status_addr_intlibspace.o
         0          0          0          0          0          0   rtentry.o
        12          0          0          0          0          0   rtentry2.o
         6          0          0          0          0          0   rtentry4.o
         2          0          0          0          0          0   rtexit.o
        10          0          0          0          0          0   rtexit2.o
        16          0          0          0          0          0   rtudiv10.o
        74          0          0          0          0          0   sys_stackheap_outer.o
         2          0          0          0          0          0   use_no_semi.o
         2          0          0          0          0          0   use_no_semi_2.o
       430          8          0          0          0          0   faddsub_clz.o
        24          0          0          0          0          0   fcmpi.o
        48          0          0          0          0          0   fflt_clz.o
       104          4          0          0          0          0   fleqf.o
       140          4          0          0          0          0   fnaninf.o
        14          0          0          0          0          0   fpinit.o
        10          0          0          0          0          0   fretinf.o
         0          0          0          0          0          0   usenofp.o

    ----------------------------------------------------------------------
      1846         70          0          0        100          0   Library Totals
         8          0          0          0          4          0   (incl. Padding)

    ----------------------------------------------------------------------

      Code (inc. data)   RO Data    RW Data    ZI Data      Debug   Library Name

      1068         54          0          0         96       1640   c_w.l
       770         16          0          0          0        616   fz_ws.l

    ----------------------------------------------------------------------
      1846         70          0          0        100          0   Library Totals

    ----------------------------------------------------------------------

==============================================================================


      Code (inc. data)   RO Data    RW Data    ZI Data      Debug   

     19338       1356       6502       1052      15148     353004   Grand Totals
     19338       1356       6502        136      15148     353004   ELF Image Totals (compressed)
     19338       1356       6502        136          0          0   ROM Totals

==============================================================================

    Total RO  Size (Code + RO Data)                25840 (  25.23kB)
    Total RW  Size (RW Data + ZI Data)             16200 (  15.82kB)
    Total ROM Size (Code + RO Data + RW Data)      25976 (  25.37kB)

==============================================================================

